<html>
<body>
<pre>
<h1>µVision Build Log</h1>
<h2>Tool Versions:</h2>
IDE-Version: ¦ÌVision V5.33.0.0
Copyright (C) 2020 ARM Ltd and ARM Germany GmbH. All rights reserved.
License Information:  ,  , LIC=FYKYW-QMJY6-DYAV3-AUCK2-QS641-KPYPM
 
Tool Versions:
Toolchain:       MDK-ARM Plus  Version: 5.33.0.0
Toolchain Path:  D:\keil5\Keil_v5\ARM\ARMCC\Bin
C Compiler:      Armcc.exe V5.06 update 7 (build 960)
Assembler:       Armasm.exe V5.06 update 7 (build 960)
Linker/Locator:  ArmLink.exe V5.06 update 7 (build 960)
Library Manager: ArmAr.exe V5.06 update 7 (build 960)
Hex Converter:   FromElf.exe V5.06 update 7 (build 960)
CPU DLL:         SARMCM3.DLL V5.33.0.0
Dialog DLL:      DCM.DLL V1.17.3.0
Target DLL:      Segger\JL2CM3.dll V2.99.38.0
Dialog DLL:      TCM.DLL V1.48.0.0
 
<h2>Project:</h2>
D:\ncs_sdk\nRF5_SDK_17.1.0_user_0524\examples\ble_peripheral\ble_app_template_mp_kp\pca10100\s140\arm5_no_packs\ble_app_template_pca10100_s140.uvprojx
Project File Date:  07/14/2023

<h2>Output:</h2>
*** Using Compiler 'V5.06 update 7 (build 960)', folder: 'D:\keil5\Keil_v5\ARM\ARMCC\Bin'
Build target 'nrf52833_xxaa'
compiling auth_status_tracker.c...
compiling ble_advertising.c...
compiling ble_advdata.c...
compiling bsp_btn_ble.c...
compiling boards.c...
compiling bsp.c...
compiling user_gpio.c...
compiling main.c...
..\..\..\main.c(212): warning:  #550-D: variable "flag_test"  was set but never used
  static bool flag_test = false;
..\..\..\main.c(509): warning:  #177-D: function "uart_init"  was declared but never referenced
  static void uart_init(void)
..\..\..\main.c(607): warning:  #177-D: function "sleep_mode_enter"  was declared but never referenced
  static void sleep_mode_enter(void)
..\..\..\main.c(1105): warning:  #177-D: function "idle_state_handle"  was declared but never referenced
  static void idle_state_handle(void)
..\..\..\main.c: 4 warnings, 0 errors
compiling ble_conn_params.c...
compiling ble_conn_state.c...
compiling gatt_cache_manager.c...
compiling id_manager.c...
compiling nrf_ble_qwr.c...
compiling gatts_cache_manager.c...
compiling nrf_ble_gatt.c...
compiling peer_data_storage.c...
compiling peer_id.c...
compiling peer_database.c...
compiling pm_buffer.c...
compiling security_manager.c...
compiling security_dispatcher.c...
compiling peer_manager.c...
compiling peer_manager_handler.c...
compiling ble_link_ctx_manager.c...
compiling nrf_drv_clock.c...
compiling nrf_drv_uart.c...
compiling nrfx_atomic.c...
compiling nrfx_clock.c...
compiling nrfx_uart.c...
compiling nrfx_prs.c...
compiling nrfx_gpiote.c...
compiling nrfx_saadc.c...
compiling nrfx_uarte.c...
compiling nrfx_timer.c...
compiling app_button.c...
compiling app_error_handler_keil.c...
compiling app_scheduler.c...
compiling drv_rtc.c...
compiling crc16.c...
compiling app_error_weak.c...
compiling app_timer2.c...
compiling hardfault_implementation.c...
compiling nrf_atfifo.c...
compiling fds.c...
compiling nrf_atflags.c...
compiling nrf_fprintf.c...
compiling nrf_atomic.c...
compiling nrf_fprintf_format.c...
compiling nrf_balloc.c...
compiling nrf_fstorage.c...
compiling nrf_fstorage_sd.c...
compiling nrf_memobj.c...
compiling nrf_section_iter.c...
compiling nrf_ringbuf.c...
compiling nrf_strerror.c...
compiling nrf_sortlist.c...
compiling nrf_pwr_mgmt.c...
compiling app_fifo.c...
compiling retarget.c...
compiling nrf_log_backend_serial.c...
compiling app_uart_fifo.c...
compiling SEGGER_RTT_Syscalls_KEIL.c...
compiling nrf_log_backend_rtt.c...
compiling app_gpiote.c...
compiling nrf_log_default_backends.c...
compiling SEGGER_RTT.c...
compiling nrf_log_backend_uart.c...
compiling SEGGER_RTT_printf.c...
compiling nrf_log_str_formatter.c...
compiling nrf_log_frontend.c...
compiling nrf_sdh.c...
compiling ble_bas.c...
compiling nrf_sdh_soc.c...
compiling nrf_sdh_ble.c...
compiling ble_nus.c...
linking...
Program Size: Code=64868 RO-data=14752 RW-data=1740 ZI-data=13228  
FromELF: creating hex file...
".\_build\nrf52833_xxaa.axf" - 0 Error(s), 4 Warning(s).

<h2>Software Packages used:</h2>

Package Vendor: ARM
                http://www.keil.com/pack/ARM.CMSIS.5.6.0.pack
                ARM.CMSIS.5.6.0
                CMSIS (Cortex Microcontroller Software Interface Standard)
   * Component: CORE Version: 5.3.0

Package Vendor: NordicSemiconductor
                http://developer.nordicsemi.com/nRF5_SDK/pieces/nRF_DeviceFamilyPack/NordicSemiconductor.nRF_DeviceFamilyPack.8.40.3.pack
                NordicSemiconductor.nRF_DeviceFamilyPack.8.40.3
                Nordic Semiconductor nRF ARM devices Device Family Pack with BSD license.
   * Component: Startup Version: 8.40.3

<h2>Collection of Component include folders:</h2>
  .\RTE\_nrf52833_xxaa
  D:\keil5\Arm\Packs\ARM\CMSIS\5.6.0\CMSIS\Core\Include
  D:\keil5\Arm\Packs\NordicSemiconductor\nRF_DeviceFamilyPack\8.40.3\Device\Include

<h2>Collection of Component Files used:</h2>

   * Component: ARM::CMSIS:CORE:5.3.0

   * Component: NordicSemiconductor::Device:Startup:8.40.3
      Source file:   Device\Source\arm\arm_startup_nrf52833.s
      Source file:   Device\Source\system_nrf52.c
      Include file:  Device\Include\system_nrf52833.h
      Include file:  Device\Include\system_nrf.h
Build Time Elapsed:  00:01:30
</pre>
</body>
</html>
