Component: ARM Compiler 5.06 update 7 (build 960) Tool: armlink [4d3601]

==============================================================================

Section Cross References

    main.o(i.advertising_init) refers to memseta.o(.text) for __aeabi_memclr4
    main.o(i.advertising_init) refers to ble_advdata.o(i.ble_advdata_encode) for ble_advdata_encode
    main.o(i.advertising_init) refers to app_error_handler_keil.o(.emb_text) for app_error_handler
    main.o(i.advertising_init) refers to main.o(.data) for m_adv_uuids
    main.o(i.advertising_start) refers to app_error_handler_keil.o(.emb_text) for app_error_handler
    main.o(i.advertising_start) refers to nrf_log_frontend.o(i.nrf_log_frontend_std_0) for nrf_log_frontend_std_0
    main.o(i.advertising_start) refers to main.o(i.nrf_gpio_pin_port_decode) for nrf_gpio_pin_port_decode
    main.o(i.advertising_start) refers to main.o(.data) for m_adv_handle
    main.o(i.advertising_start) refers to nrf_log_frontend.o(log_const_data) for m_nrf_log_app_logs_data_const
    main.o(i.app_timer_handler_test) refers to nrfx_gpiote.o(i.nrfx_gpiote_out_toggle) for nrfx_gpiote_out_toggle
    main.o(i.app_timer_handler_test) refers to main.o(.data) for flag_test
    main.o(i.assert_nrf_callback) refers to app_error_handler_keil.o(.emb_text) for app_error_handler
    main.o(i.ble_evt_handler) refers to ble_conn_state.o(i.ble_conn_state_role) for ble_conn_state_role
    main.o(i.ble_evt_handler) refers to ble_conn_state.o(i.ble_conn_state_peripheral_conn_count) for ble_conn_state_peripheral_conn_count
    main.o(i.ble_evt_handler) refers to nrf_log_frontend.o(i.nrf_log_frontend_std_2) for nrf_log_frontend_std_2
    main.o(i.ble_evt_handler) refers to nrf_log_frontend.o(i.nrf_log_frontend_std_1) for nrf_log_frontend_std_1
    main.o(i.ble_evt_handler) refers to nrf_log_frontend.o(i.nrf_log_frontend_std_3) for nrf_log_frontend_std_3
    main.o(i.ble_evt_handler) refers to main.o(i.advertising_start) for advertising_start
    main.o(i.ble_evt_handler) refers to ble_conn_state.o(i.ble_conn_state_periph_handles) for ble_conn_state_periph_handles
    main.o(i.ble_evt_handler) refers to memcpya.o(.text) for __aeabi_memcpy4
    main.o(i.ble_evt_handler) refers to nrf_ble_qwr.o(i.nrf_ble_qwr_conn_handle_assign) for nrf_ble_qwr_conn_handle_assign
    main.o(i.ble_evt_handler) refers to app_error_handler_keil.o(.emb_text) for app_error_handler
    main.o(i.ble_evt_handler) refers to main.o(i.nrf_gpio_pin_clear) for nrf_gpio_pin_clear
    main.o(i.ble_evt_handler) refers to nrf_log_frontend.o(i.nrf_log_frontend_std_0) for nrf_log_frontend_std_0
    main.o(i.ble_evt_handler) refers to event_id.o(.data) for ble_evt_id
    main.o(i.ble_evt_handler) refers to nrf_log_frontend.o(log_const_data) for m_nrf_log_app_logs_data_const
    main.o(i.ble_evt_handler) refers to main.o(.bss) for m_conn_handles
    main.o(i.ble_stack_init) refers to nrf_sdh.o(i.nrf_sdh_enable_request) for nrf_sdh_enable_request
    main.o(i.ble_stack_init) refers to app_error_handler_keil.o(.emb_text) for app_error_handler
    main.o(i.ble_stack_init) refers to nrf_sdh_ble.o(i.nrf_sdh_ble_default_cfg_set) for nrf_sdh_ble_default_cfg_set
    main.o(i.ble_stack_init) refers to nrf_sdh_ble.o(i.nrf_sdh_ble_enable) for nrf_sdh_ble_enable
    main.o(i.conn_params_error_handler) refers to app_error_handler_keil.o(.emb_text) for app_error_handler
    main.o(i.conn_params_init) refers to memseta.o(.text) for __aeabi_memclr4
    main.o(i.conn_params_init) refers to ble_conn_params.o(i.ble_conn_params_init) for ble_conn_params_init
    main.o(i.conn_params_init) refers to app_error_handler_keil.o(.emb_text) for app_error_handler
    main.o(i.conn_params_init) refers to main.o(i.on_conn_params_evt) for on_conn_params_evt
    main.o(i.conn_params_init) refers to main.o(i.conn_params_error_handler) for conn_params_error_handler
    main.o(i.data_test_print) refers to nrf_log_frontend.o(i.nrf_log_frontend_std_1) for nrf_log_frontend_std_1
    main.o(i.data_test_print) refers to nrf_log_frontend.o(log_const_data) for m_nrf_log_app_logs_data_const
    main.o(i.delete_bonds) refers to nrf_log_frontend.o(i.nrf_log_frontend_std_0) for nrf_log_frontend_std_0
    main.o(i.delete_bonds) refers to peer_manager.o(i.pm_peers_delete) for pm_peers_delete
    main.o(i.delete_bonds) refers to app_error_handler_keil.o(.emb_text) for app_error_handler
    main.o(i.delete_bonds) refers to nrf_log_frontend.o(log_const_data) for m_nrf_log_app_logs_data_const
    main.o(i.fds_evt_handler) refers to nrf_log_frontend.o(i.nrf_log_frontend_std_2) for nrf_log_frontend_std_2
    main.o(i.fds_evt_handler) refers to nrf_log_frontend.o(i.nrf_log_frontend_std_0) for nrf_log_frontend_std_0
    main.o(i.fds_evt_handler) refers to event_id.o(.data) for fds_event_type
    main.o(i.fds_evt_handler) refers to nrf_log_frontend.o(log_const_data) for m_nrf_log_app_logs_data_const
    main.o(i.fds_evt_handler) refers to main.o(.data) for m_fds_initialized
[...]
    0x0002b55e   0x0002b55e   0x00000002   PAD
    0x0002b560   0x0002b560   0x0000004c   Code   RO         3552    i.flags_set_from_err_code  security_manager.o
    0x0002b5ac   0x0002b5ac   0x0000001c   Code   RO         6303    i.flash_bounds_set  fds.o
    0x0002b5c8   0x0002b5c8   0x00000036   Code   RO         6304    i.flash_end_addr    fds.o
    0x0002b5fe   0x0002b5fe   0x00000002   PAD
    0x0002b600   0x0002b600   0x0000001c   Code   RO         6305    i.flash_subsystem_init  fds.o
    0x0002b61c   0x0002b61c   0x00000032   Code   RO         1527    i.for_each_set_flag  ble_conn_state.o
    0x0002b64e   0x0002b64e   0x00000010   Code   RO         7907    i.fputc             retarget.o
    0x0002b65e   0x0002b65e   0x0000000c   Code   RO         6306    i.fs_event_handler  fds.o
    0x0002b66a   0x0002b66a   0x00000002   PAD
    0x0002b66c   0x0002b66c   0x000000b0   Code   RO           16    i.gap_params_init   main.o
    0x0002b71c   0x0002b71c   0x000000b0   Code   RO           17    i.gatt_evt_handler  main.o
    0x0002b7cc   0x0002b7cc   0x00000060   Code   RO           18    i.gatt_init         main.o
    0x0002b82c   0x0002b82c   0x00000074   Code   RO         6307    i.gc_execute        fds.o
    0x0002b8a0   0x0002b8a0   0x00000040   Code   RO         6308    i.gc_init           fds.o
    0x0002b8e0   0x0002b8e0   0x00000028   Code   RO         6309    i.gc_next_page      fds.o
    0x0002b908   0x0002b908   0x0000004c   Code   RO         6310    i.gc_page_erase     fds.o
    0x0002b954   0x0002b954   0x00000050   Code   RO         6311    i.gc_page_next      fds.o
    0x0002b9a4   0x0002b9a4   0x00000040   Code   RO         6312    i.gc_record_copy    fds.o
    0x0002b9e4   0x0002b9e4   0x00000024   Code   RO         6313    i.gc_record_find_next  fds.o
    0x0002ba08   0x0002ba08   0x00000058   Code   RO         6314    i.gc_state_advance  fds.o
    0x0002ba60   0x0002ba60   0x0000002c   Code   RO         6315    i.gc_swap_erase     fds.o
    0x0002ba8c   0x0002ba8c   0x00000060   Code   RO         6316    i.gc_swap_pages     fds.o
    0x0002baec   0x0002baec   0x00000024   Code   RO         6317    i.gc_swap_promote   fds.o
    0x0002bb10   0x0002bb10   0x00000018   Code   RO         6318    i.gc_tag_new_swap   fds.o
    0x0002bb28   0x0002bb28   0x00000020   Code   RO         6319    i.gc_update_swap_offset  fds.o
    0x0002bb48   0x0002bb48   0x00000298   Code   RO         1776    i.gcm_ble_evt_handler  gatt_cache_manager.o
    0x0002bde0   0x0002bde0   0x00000026   Code   RO         1777    i.gcm_im_evt_handler  gatt_cache_manager.o
    0x0002be06   0x0002be06   0x00000002   PAD
    0x0002be08   0x0002be08   0x000000e4   Code   RO         1778    i.gcm_init          gatt_cache_manager.o
    0x0002beec   0x0002beec   0x0000009c   Code   RO         1781    i.gcm_pdb_evt_handler  gatt_cache_manager.o
    0x0002bf88   0x0002bf88   0x0000003c   Code   RO         5808    i.get_now           app_timer2.o
    0x0002bfc4   0x0002bfc4   0x0000000c   Code   RO           19    i.get_rtc_counter   main.o
    0x0002bfd0   0x0002bfd0   0x00000074   Code   RO           20    i.gpio_init         main.o
    0x0002c044   0x0002c044   0x0000001c   Code   RO         1978    i.gscm_db_change_notification_done  gatts_cache_manager.o
    0x0002c060   0x0002c060   0x00000014   Code   RO         1979    i.gscm_init         gatts_cache_manager.o
    0x0002c074   0x0002c074   0x000000b8   Code   RO         1981    i.gscm_local_db_cache_apply  gatts_cache_manager.o
    0x0002c12c   0x0002c12c   0x00000190   Code   RO         1982    i.gscm_local_db_cache_update  gatts_cache_manager.o
    0x0002c2bc   0x0002c2bc   0x0000001c   Code   RO         1983    i.gscm_pdb_evt_handler  gatts_cache_manager.o
    0x0002c2d8   0x0002c2d8   0x00000028   Code   RO         1984    i.gscm_service_changed_ind_needed  gatts_cache_manager.o
    0x0002c300   0x0002c300   0x00000074   Code   RO         1985    i.gscm_service_changed_ind_send  gatts_cache_manager.o
    0x0002c374   0x0002c374   0x00000030   Code   RO         6320    i.header_check      fds.o
    0x0002c3a4   0x0002c3a4   0x00000016   Code   RO         6321    i.header_has_next   fds.o
    0x0002c3ba   0x0002c3ba   0x0000000e   Code   RO         6322    i.header_jump       fds.o
    0x0002c3c8   0x0002c3c8   0x0000004c   Code   RO         2078    i.im_address_resolve  id_manager.o
    0x0002c414   0x0002c414   0x00000038   Code   RO         2079    i.im_ble_addr_get   id_manager.o
    0x0002c44c   0x0002c44c   0x000000ec   Code   RO         2080    i.im_ble_evt_handler  id_manager.o
    0x0002c538   0x0002c538   0x00000040   Code   RO         2081    i.im_conn_handle_get  id_manager.o
    0x0002c578   0x0002c578   0x00000038   Code   RO         2083    i.im_find_duplicate_bonding_data  id_manager.o
    0x0002c5b0   0x0002c5b0   0x00000090   Code   RO         2086    i.im_is_duplicate_bonding_data  id_manager.o
    0x0002c640   0x0002c640   0x00000022   Code   RO         2087    i.im_master_id_is_valid  id_manager.o
    0x0002c662   0x0002c662   0x00000032   Code   RO         2088    i.im_master_ids_compare  id_manager.o
    0x0002c694   0x0002c694   0x00000014   Code   RO         2089    i.im_new_peer_id    id_manager.o
    0x0002c6a8   0x0002c6a8   0x00000030   Code   RO         2090    i.im_peer_free      id_manager.o
    0x0002c6d8   0x0002c6d8   0x00000028   Code   RO         2091    i.im_peer_id_get_by_conn_handle  id_manager.o
    0x0002c700   0x0002c700   0x00000040   Code   RO         2092    i.im_peer_id_get_by_master_id  id_manager.o
    0x0002c740   0x0002c740   0x00000014   Code   RO           22    i.in_pin_handler    main.o
    0x0002c754   0x0002c754   0x0000003c   Code   RO         7274    i.init              nrf_fstorage_sd.o
    0x0002c790   0x0002c790   0x00000128   Code   RO         6323    i.init_execute      fds.o
    0x0002c8b8   0x0002c8b8   0x0000002c   Code   RO         1404    i.instance_get      ble_conn_params.o
    0x0002c8e4   0x0002c8e4   0x000000be   Code   RO         7135    i.int_print         nrf_fprintf_format.o
    0x0002c9a2   0x0002c9a2   0x00000002   PAD
    0x0002c9a4   0x0002c9a4   0x0000000c   Code   RO         1782    i.internal_state_reset  gatt_cache_manager.o
    0x0002c9b0   0x0002c9b0   0x00000018   Code   RO         1986    i.internal_state_reset  gatts_cache_manager.o
    0x0002c9c8   0x0002c9c8   0x00000020   Code   RO         2612    i.internal_state_reset  peer_database.o
    0x0002c9e8   0x0002c9e8   0x0000000e   Code   RO         2767    i.internal_state_reset  peer_id.o
    0x0002c9f6   0x0002c9f6   0x00000002   PAD
    0x0002c9f8   0x0002c9f8   0x00000018   Code   RO         2863    i.internal_state_reset  peer_manager.o
    0x0002ca10   0x0002ca10   0x00000058   Code   RO         4729    i.interrupts_disable  nrfx_uart.o
    0x0002ca68   0x0002ca68   0x00000058   Code   RO         4980    i.interrupts_disable  nrfx_uarte.o
    0x0002cac0   0x0002cac0   0x00000094   Code   RO         4730    i.interrupts_enable  nrfx_uart.o
    0x0002cb54   0x0002cb54   0x000000b4   Code   RO         4981    i.interrupts_enable  nrfx_uarte.o
    0x0002cc08   0x0002cc08   0x00000046   Code   RO         8364    i.invalid_packets_omit  nrf_log_frontend.o
    0x0002cc4e   0x0002cc4e   0x0000005c   Code   RO         5372    i.irq_handler       nrfx_timer.o
    0x0002ccaa   0x0002ccaa   0x00000002   PAD
    0x0002ccac   0x0002ccac   0x00000014   Code   RO         7275    i.is_busy           nrf_fstorage_sd.o
    0x0002ccc0   0x0002ccc0   0x00000064   Code   RO         2864    i.is_conn_handle_excluded  peer_manager.o
    0x0002cd24   0x0002cd24   0x00000072   Code   RO         1405    i.is_conn_params_ok  ble_conn_params.o
    0x0002cd96   0x0002cd96   0x00000018   Code   RO         2097    i.is_valid_irk      id_manager.o
    0x0002cdae   0x0002cdae   0x00000010   Code   RO         6324    i.is_word_aligned   fds.o
    0x0002cdbe   0x0002cdbe   0x0000000c   Code   RO         3769    i.item_dequeue      nrf_drv_clock.o
    0x0002cdca   0x0002cdca   0x00000026   Code   RO         3553    i.key_is_lesc       security_manager.o
    0x0002cdf0   0x0002cdf0   0x00000026   Code   RO         4304    i.latch_pending_read_and_check  nrfx_gpiote.o
    0x0002ce16   0x0002ce16   0x00000002   PAD
    0x0002ce18   0x0002ce18   0x00000038   Code   RO           23    i.leds_init         main.o
    0x0002ce50   0x0002ce50   0x00000018   Code   RO         3771    i.lfclk_stop        nrf_drv_clock.o
    0x0002ce68   0x0002ce68   0x00000014   Code   RO         2254    i.link_init         nrf_ble_gatt.o
    0x0002ce7c   0x0002ce7c   0x000000e8   Code   RO         3554    i.link_secure       security_manager.o
    0x0002cf64   0x0002cf64   0x00000018   Code   RO         3367    i.link_secure_authenticate  security_dispatcher.o
    0x0002cf7c   0x0002cf7c   0x0000003c   Code   RO         3368    i.link_secure_failure  security_dispatcher.o
    0x0002cfb8   0x0002cfb8   0x0000003c   Code   RO         3555    i.link_secure_pending_handle  security_manager.o
    0x0002cff4   0x0002cff4   0x00000018   Code   RO         3369    i.link_secure_peripheral  security_dispatcher.o
    0x0002d00c   0x0002d00c   0x000000c4   Code   RO         1783    i.local_db_apply_in_evt  gatt_cache_manager.o
    0x0002d0d0   0x0002d0d0   0x00000018   Code   RO         1784    i.local_db_update   gatt_cache_manager.o
    0x0002d0e8   0x0002d0e8   0x00000128   Code   RO         1785    i.local_db_update_in_evt  gatt_cache_manager.o
    0x0002d210   0x0002d210   0x00000040   Code   RO           24    i.log_init          main.o
    0x0002d250   0x0002d250   0x000000cc   Code   RO         8365    i.log_skip          nrf_log_frontend.o
    0x0002d31c   0x0002d31c   0x000008a0   Code   RO           25    i.main              main.o
    0x0002dbbc   0x0002dbbc   0x00000076   Code   RO         1116    i.manuf_specific_data_encode  ble_advdata.o
    0x0002dc32   0x0002dc32   0x000000ca   Code   RO         7406    i.memobj_op         nrf_memobj.o
    0x0002dcfc   0x0002dcfc   0x00000038   Code   RO         8366    i.module_idx_get    nrf_log_frontend.o
    0x0002dd34   0x0002dd34   0x00000026   Code   RO         3300    i.mutex_lock        pm_buffer.o
    0x0002dd5a   0x0002dd5a   0x00000020   Code   RO         3301    i.mutex_lock_status_get  pm_buffer.o
    0x0002dd7a   0x0002dd7a   0x00000020   Code   RO         3302    i.mutex_unlock      pm_buffer.o
    0x0002dd9a   0x0002dd9a   0x000000c8   Code   RO         1117    i.name_encode       ble_advdata.o
    0x0002de62   0x0002de62   0x00000002   PAD
    0x0002de64   0x0002de64   0x00000020   Code   RO         3556    i.new_context_get   security_manager.o
    0x0002de84   0x0002de84   0x00000032   Code   RO         3557    i.new_evt           security_manager.o
    0x0002deb6   0x0002deb6   0x00000034   Code   RO         2768    i.next_id_get       peer_id.o
    0x0002deea   0x0002deea   0x00000002   PAD
    0x0002deec   0x0002deec   0x00000034   Code   RO         9302    i.nrf52_errata_136  system_nrf52.o
    0x0002df20   0x0002df20   0x00000034   Code   RO         9390    i.nrf52_errata_249  system_nrf52.o
    0x0002df54   0x0002df54   0x00000034   Code   RO         9405    i.nrf52_errata_36   system_nrf52.o
    0x0002df88   0x0002df88   0x00000034   Code   RO         9428    i.nrf52_errata_66   system_nrf52.o
    0x0002dfbc   0x0002dfbc   0x00000016   Code   RO         6772    i.nrf_atfifo_clear  nrf_atfifo.o
    0x0002dfd2   0x0002dfd2   0x00000028   Code   RO         6774    i.nrf_atfifo_init   nrf_atfifo.o
    0x0002dffa   0x0002dffa   0x0000001c   Code   RO         6775    i.nrf_atfifo_item_alloc  nrf_atfifo.o
    0x0002e016   0x0002e016   0x0000001c   Code   RO         6776    i.nrf_atfifo_item_free  nrf_atfifo.o
    0x0002e032   0x0002e032   0x0000001c   Code   RO         6777    i.nrf_atfifo_item_get  nrf_atfifo.o
    0x0002e04e   0x0002e04e   0x0000001c   Code   RO         6778    i.nrf_atfifo_item_put  nrf_atfifo.o
    0x0002e06a   0x0002e06a   0x0000001e   Code   RO         6843    i.nrf_atflags_clear  nrf_atflags.o
    0x0002e088   0x0002e088   0x0000002e   Code   RO         6845    i.nrf_atflags_fetch_set  nrf_atflags.o
    0x0002e0b6   0x0002e0b6   0x00000060   Code   RO         6847    i.nrf_atflags_find_and_set_flag  nrf_atflags.o
    0x0002e116   0x0002e116   0x0000001e   Code   RO         6848    i.nrf_atflags_get   nrf_atflags.o
    0x0002e134   0x0002e134   0x0000001e   Code   RO         6850    i.nrf_atflags_set   nrf_atflags.o
    0x0002e152   0x0002e152   0x0000000e   Code   RO         6911    i.nrf_atomic_flag_clear_fetch  nrf_atomic.o
    0x0002e160   0x0002e160   0x0000000e   Code   RO         6912    i.nrf_atomic_flag_set  nrf_atomic.o
    0x0002e16e   0x0002e16e   0x0000000e   Code   RO         6913    i.nrf_atomic_flag_set_fetch  nrf_atomic.o
    0x0002e17c   0x0002e17c   0x00000016   Code   RO         6914    i.nrf_atomic_u32_add  nrf_atomic.o
    0x0002e192   0x0002e192   0x00000016   Code   RO         6915    i.nrf_atomic_u32_and  nrf_atomic.o
    0x0002e1a8   0x0002e1a8   0x00000016   Code   RO         6917    i.nrf_atomic_u32_fetch_add  nrf_atomic.o
    0x0002e1be   0x0002e1be   0x00000016   Code   RO         6918    i.nrf_atomic_u32_fetch_and  nrf_atomic.o
    0x0002e1d4   0x0002e1d4   0x00000016   Code   RO         6919    i.nrf_atomic_u32_fetch_or  nrf_atomic.o
    0x0002e1ea   0x0002e1ea   0x00000016   Code   RO         6920    i.nrf_atomic_u32_fetch_store  nrf_atomic.o
    0x0002e200   0x0002e200   0x00000016   Code   RO         6924    i.nrf_atomic_u32_or  nrf_atomic.o
    0x0002e216   0x0002e216   0x00000016   Code   RO         6926    i.nrf_atomic_u32_sub  nrf_atomic.o
    0x0002e22c   0x0002e22c   0x00000052   Code   RO         7048    i.nrf_balloc_alloc  nrf_balloc.o
    0x0002e27e   0x0002e27e   0x00000010   Code   RO         7049    i.nrf_balloc_block2idx  nrf_balloc.o
    0x0002e28e   0x0002e28e   0x00000030   Code   RO         7050    i.nrf_balloc_free   nrf_balloc.o
    0x0002e2be   0x0002e2be   0x0000000c   Code   RO         7051    i.nrf_balloc_idx2block  nrf_balloc.o
    0x0002e2ca   0x0002e2ca   0x0000003c   Code   RO         7052    i.nrf_balloc_init   nrf_balloc.o
    0x0002e306   0x0002e306   0x00000016   Code   RO         4305    i.nrf_bitmask_bit_is_set  nrfx_gpiote.o
    0x0002e31c   0x0002e31c   0x0000001c   Code   RO         2256    i.nrf_ble_gatt_att_mtu_periph_set  nrf_ble_gatt.o
    0x0002e338   0x0002e338   0x00000034   Code   RO         2260    i.nrf_ble_gatt_init  nrf_ble_gatt.o
    0x0002e36c   0x0002e36c   0x0000012c   Code   RO         2261    i.nrf_ble_gatt_on_ble_evt  nrf_ble_gatt.o
    0x0002e498   0x0002e498   0x00000020   Code   RO         2375    i.nrf_ble_qwr_conn_handle_assign  nrf_ble_qwr.o
    0x0002e4b8   0x0002e4b8   0x00000032   Code   RO         2376    i.nrf_ble_qwr_init  nrf_ble_qwr.o
    0x0002e4ea   0x0002e4ea   0x0000007c   Code   RO         2377    i.nrf_ble_qwr_on_ble_evt  nrf_ble_qwr.o
    0x0002e566   0x0002e566   0x00000012   Code   RO         4137    i.nrf_clock_event_check  nrfx_clock.o
    0x0002e578   0x0002e578   0x00000012   Code   RO         4138    i.nrf_clock_event_clear  nrfx_clock.o
    0x0002e58a   0x0002e58a   0x00000002   PAD
    0x0002e58c   0x0002e58c   0x0000000c   Code   RO         4139    i.nrf_clock_int_disable  nrfx_clock.o
    0x0002e598   0x0002e598   0x00000008   Code   RO         4141    i.nrf_clock_task_trigger  nrfx_clock.o
    0x0002e5a0   0x0002e5a0   0x0000004c   Code   RO         3777    i.nrf_drv_clock_init  nrf_drv_clock.o
    0x0002e5ec   0x0002e5ec   0x00000030   Code   RO         3781    i.nrf_drv_clock_lfclk_release  nrf_drv_clock.o
    0x0002e61c   0x0002e61c   0x0000008c   Code   RO         3942    i.nrf_drv_uart_init  nrf_drv_uart.o
    0x0002e6a8   0x0002e6a8   0x00000044   Code   RO         7791    i.nrf_drv_uart_tx   app_uart_fifo.o
    0x0002e6ec   0x0002e6ec   0x00000034   Code   RO         7792    i.nrf_drv_uart_tx_in_progress  app_uart_fifo.o
    0x0002e720   0x0002e720   0x0000002a   Code   RO         7095    i.nrf_fprintf       nrf_fprintf.o
    0x0002e74a   0x0002e74a   0x0000001c   Code   RO         7096    i.nrf_fprintf_buffer_flush  nrf_fprintf.o
    0x0002e766   0x0002e766   0x000001f0   Code   RO         7136    i.nrf_fprintf_fmt   nrf_fprintf_format.o
    0x0002e956   0x0002e956   0x00000002   PAD
    0x0002e958   0x0002e958   0x00000170   Code   RO         7182    i.nrf_fstorage_erase  nrf_fstorage.o
    0x0002eac8   0x0002eac8   0x000000ac   Code   RO         7183    i.nrf_fstorage_init  nrf_fstorage.o
    0x0002eb74   0x0002eb74   0x0000001c   Code   RO         7276    i.nrf_fstorage_sdh_req_handler  nrf_fstorage_sd.o
    0x0002eb90   0x0002eb90   0x0000002c   Code   RO         7277    i.nrf_fstorage_sdh_state_handler  nrf_fstorage_sd.o
    0x0002ebbc   0x0002ebbc   0x0000008c   Code   RO         7278    i.nrf_fstorage_sys_evt_handler  nrf_fstorage_sd.o
    0x0002ec48   0x0002ec48   0x00000264   Code   RO         7189    i.nrf_fstorage_write  nrf_fstorage.o
    0x0002eeac   0x0002eeac   0x00000034   Code   RO         4306    i.nrf_gpio_cfg      nrfx_gpiote.o
    0x0002eee0   0x0002eee0   0x00000034   Code   RO         4731    i.nrf_gpio_cfg      nrfx_uart.o
    0x0002ef14   0x0002ef14   0x00000034   Code   RO         4982    i.nrf_gpio_cfg      nrfx_uarte.o
    0x0002ef48   0x0002ef48   0x00000018   Code   RO         4732    i.nrf_gpio_cfg_default  nrfx_uart.o
    0x0002ef60   0x0002ef60   0x00000018   Code   RO         4983    i.nrf_gpio_cfg_default  nrfx_uarte.o
    0x0002ef78   0x0002ef78   0x0000001a   Code   RO         4733    i.nrf_gpio_cfg_input  nrfx_uart.o
    0x0002ef92   0x0002ef92   0x0000001a   Code   RO         4984    i.nrf_gpio_cfg_input  nrfx_uarte.o
    0x0002efac   0x0002efac   0x00000018   Code   RO         4734    i.nrf_gpio_cfg_output  nrfx_uart.o
    0x0002efc4   0x0002efc4   0x00000018   Code   RO         4985    i.nrf_gpio_cfg_output  nrfx_uarte.o
    0x0002efdc   0x0002efdc   0x0000003a   Code   RO         4308    i.nrf_gpio_cfg_sense_set  nrfx_gpiote.o
    0x0002f016   0x0002f016   0x00000002   PAD
    0x0002f018   0x0002f018   0x00000034   Code   RO         4309    i.nrf_gpio_latches_read_and_clear  nrfx_gpiote.o
    0x0002f04c   0x0002f04c   0x0000001a   Code   RO           26    i.nrf_gpio_pin_clear  main.o
    0x0002f066   0x0002f066   0x00000002   PAD
    0x0002f068   0x0002f068   0x00000020   Code   RO           27    i.nrf_gpio_pin_port_decode  main.o
    0x0002f088   0x0002f088   0x00000020   Code   RO         4311    i.nrf_gpio_pin_port_decode  nrfx_gpiote.o
    0x0002f0a8   0x0002f0a8   0x00000020   Code   RO         4735    i.nrf_gpio_pin_port_decode  nrfx_uart.o
    0x0002f0c8   0x0002f0c8   0x00000020   Code   RO         4986    i.nrf_gpio_pin_port_decode  nrfx_uarte.o
    0x0002f0e8   0x0002f0e8   0x00000030   Code   RO         4312    i.nrf_gpio_pin_present_check  nrfx_gpiote.o
    0x0002f118   0x0002f118   0x0000001a   Code   RO         4313    i.nrf_gpio_pin_read  nrfx_gpiote.o
    0x0002f132   0x0002f132   0x0000001a   Code   RO         4736    i.nrf_gpio_pin_set  nrfx_uart.o
    0x0002f14c   0x0002f14c   0x0000001a   Code   RO         4987    i.nrf_gpio_pin_set  nrfx_uarte.o
    0x0002f166   0x0002f166   0x00000002   PAD
    0x0002f168   0x0002f168   0x0000000c   Code   RO         4315    i.nrf_gpiote_event_addr_get  nrfx_gpiote.o
    0x0002f174   0x0002f174   0x0000001c   Code   RO         4316    i.nrf_gpiote_event_clear  nrfx_gpiote.o
    0x0002f190   0x0002f190   0x00000016   Code   RO         4317    i.nrf_gpiote_event_is_set  nrfx_gpiote.o
    0x0002f1a6   0x0002f1a6   0x00000002   PAD
    0x0002f1a8   0x0002f1a8   0x0000000c   Code   RO         4318    i.nrf_gpiote_int_enable  nrfx_gpiote.o
    0x0002f1b4   0x0002f1b4   0x00000054   Code   RO         8367    i.nrf_log_backend_add  nrf_log_frontend.o
    0x0002f208   0x0002f208   0x00000008   Code   RO         8314    i.nrf_log_backend_enable  nrf_log_default_backends.o
    0x0002f210   0x0002f210   0x00000002   Code   RO         8136    i.nrf_log_backend_rtt_flush  nrf_log_backend_rtt.o
    0x0002f212   0x0002f212   0x00000008   Code   RO         8137    i.nrf_log_backend_rtt_init  nrf_log_backend_rtt.o
    0x0002f21a   0x0002f21a   0x00000002   Code   RO         8138    i.nrf_log_backend_rtt_panic_set  nrf_log_backend_rtt.o
    0x0002f21c   0x0002f21c   0x00000020   Code   RO         8139    i.nrf_log_backend_rtt_put  nrf_log_backend_rtt.o
    0x0002f23c   0x0002f23c   0x000000f2   Code   RO         8207    i.nrf_log_backend_serial_put  nrf_log_backend_serial.o
    0x0002f32e   0x0002f32e   0x00000002   Code   RO         8241    i.nrf_log_backend_uart_flush  nrf_log_backend_uart.o
    0x0002f330   0x0002f330   0x0000000c   Code   RO         8242    i.nrf_log_backend_uart_init  nrf_log_backend_uart.o
    0x0002f33c   0x0002f33c   0x00000038   Code   RO         8243    i.nrf_log_backend_uart_panic_set  nrf_log_backend_uart.o
    0x0002f374   0x0002f374   0x00000020   Code   RO         8244    i.nrf_log_backend_uart_put  nrf_log_backend_uart.o
    0x0002f394   0x0002f394   0x00000038   Code   RO         8369    i.nrf_log_color_id_get  nrf_log_frontend.o
    0x0002f3cc   0x0002f3cc   0x00000038   Code   RO         8315    i.nrf_log_default_backends_init  nrf_log_default_backends.o
    0x0002f404   0x0002f404   0x0000031c   Code   RO         8370    i.nrf_log_frontend_dequeue  nrf_log_frontend.o
    0x0002f720   0x0002f720   0x00000014   Code   RO         8372    i.nrf_log_frontend_std_0  nrf_log_frontend.o
    0x0002f734   0x0002f734   0x00000018   Code   RO         8373    i.nrf_log_frontend_std_1  nrf_log_frontend.o
    0x0002f74c   0x0002f74c   0x00000020   Code   RO         8374    i.nrf_log_frontend_std_2  nrf_log_frontend.o
    0x0002f76c   0x0002f76c   0x00000028   Code   RO         8375    i.nrf_log_frontend_std_3  nrf_log_frontend.o
    0x0002f794   0x0002f794   0x0000002c   Code   RO         8376    i.nrf_log_frontend_std_4  nrf_log_frontend.o
    0x0002f7c0   0x0002f7c0   0x00000038   Code   RO         8377    i.nrf_log_frontend_std_5  nrf_log_frontend.o
    0x0002f7f8   0x0002f7f8   0x000000bc   Code   RO         8563    i.nrf_log_hexdump_entry_process  nrf_log_str_formatter.o
    0x0002f8b4   0x0002f8b4   0x00000048   Code   RO         8379    i.nrf_log_init      nrf_log_frontend.o
    0x0002f8fc   0x0002f8fc   0x00000014   Code   RO         8380    i.nrf_log_module_cnt_get  nrf_log_frontend.o
    0x0002f910   0x0002f910   0x00000024   Code   RO         8384    i.nrf_log_module_name_get  nrf_log_frontend.o
    0x0002f934   0x0002f934   0x00000034   Code   RO         8385    i.nrf_log_panic     nrf_log_frontend.o
    0x0002f968   0x0002f968   0x000000c8   Code   RO         8564    i.nrf_log_std_entry_process  nrf_log_str_formatter.o
    0x0002fa30   0x0002fa30   0x0000007a   Code   RO         7407    i.nrf_memobj_alloc  nrf_memobj.o
    0x0002faaa   0x0002faaa   0x00000040   Code   RO         7408    i.nrf_memobj_free   nrf_memobj.o
    0x0002faea   0x0002faea   0x00000010   Code   RO         7409    i.nrf_memobj_get    nrf_memobj.o
    0x0002fafa   0x0002fafa   0x0000000c   Code   RO         7410    i.nrf_memobj_pool_init  nrf_memobj.o
    0x0002fb06   0x0002fb06   0x0000001e   Code   RO         7411    i.nrf_memobj_put    nrf_memobj.o
    0x0002fb24   0x0002fb24   0x00000022   Code   RO         7412    i.nrf_memobj_read   nrf_memobj.o
    0x0002fb46   0x0002fb46   0x00000022   Code   RO         7413    i.nrf_memobj_write  nrf_memobj.o
    0x0002fb68   0x0002fb68   0x00000016   Code   RO         1786    i.nrf_mtx_unlock    gatt_cache_manager.o
    0x0002fb7e   0x0002fb7e   0x00000002   PAD
    0x0002fb80   0x0002fb80   0x00000040   Code   RO         7486    i.nrf_pwr_mgmt_init  nrf_pwr_mgmt.o
    0x0002fbc0   0x0002fbc0   0x0000006c   Code   RO         7487    i.nrf_pwr_mgmt_run  nrf_pwr_mgmt.o
    0x0002fc2c   0x0002fc2c   0x00000028   Code   RO           28    i.nrf_qwr_error_handler  main.o
    0x0002fc54   0x0002fc54   0x0000001c   Code   RO         7569    i.nrf_ringbuf_init  nrf_ringbuf.o
    0x0002fc70   0x0002fc70   0x0000000c   Code   RO         6085    i.nrf_rtc_cc_get    drv_rtc.o
    0x0002fc7c   0x0002fc7c   0x0000000a   Code   RO         6086    i.nrf_rtc_cc_set    drv_rtc.o
    0x0002fc86   0x0002fc86   0x00000008   Code   RO         6087    i.nrf_rtc_counter_get  drv_rtc.o
    0x0002fc8e   0x0002fc8e   0x0000000e   Code   RO         6088    i.nrf_rtc_event_clear  drv_rtc.o
    0x0002fc9c   0x0002fc9c   0x00000006   Code   RO         6089    i.nrf_rtc_event_disable  drv_rtc.o
    0x0002fca2   0x0002fca2   0x00000006   Code   RO         6090    i.nrf_rtc_event_enable  drv_rtc.o
    0x0002fca8   0x0002fca8   0x00000006   Code   RO         6091    i.nrf_rtc_int_disable  drv_rtc.o
    0x0002fcae   0x0002fcae   0x00000006   Code   RO         6092    i.nrf_rtc_int_enable  drv_rtc.o
    0x0002fcb4   0x0002fcb4   0x00000006   Code   RO         6093    i.nrf_rtc_task_trigger  drv_rtc.o
    0x0002fcba   0x0002fcba   0x00000002   PAD
    0x0002fcbc   0x0002fcbc   0x00000010   Code   RO         5212    i.nrf_saadc_buffer_init  nrfx_saadc.o
    0x0002fccc   0x0002fccc   0x00000018   Code   RO         5213    i.nrf_saadc_channel_input_set  nrfx_saadc.o
    0x0002fce4   0x0002fce4   0x00000014   Code   RO         5214    i.nrf_saadc_event_check  nrfx_saadc.o
    0x0002fcf8   0x0002fcf8   0x00000018   Code   RO         5215    i.nrf_saadc_event_clear  nrfx_saadc.o
    0x0002fd10   0x0002fd10   0x0000000c   Code   RO         5216    i.nrf_saadc_int_disable  nrfx_saadc.o
    0x0002fd1c   0x0002fd1c   0x0000000c   Code   RO         5217    i.nrf_saadc_int_enable  nrfx_saadc.o
    0x0002fd28   0x0002fd28   0x0000000c   Code   RO         5219    i.nrf_saadc_task_trigger  nrfx_saadc.o
    0x0002fd34   0x0002fd34   0x00000018   Code   RO         9010    i.nrf_sdh_ble_app_ram_start_get  nrf_sdh_ble.o
    0x0002fd4c   0x0002fd4c   0x00000160   Code   RO         9011    i.nrf_sdh_ble_default_cfg_set  nrf_sdh_ble.o
    0x0002feac   0x0002feac   0x0000014c   Code   RO         9012    i.nrf_sdh_ble_enable  nrf_sdh_ble.o
    0x0002fff8   0x0002fff8   0x000000b4   Code   RO         9013    i.nrf_sdh_ble_evts_poll  nrf_sdh_ble.o
    0x000300ac   0x000300ac   0x00000064   Code   RO         8881    i.nrf_sdh_disable_request  nrf_sdh.o
    0x00030110   0x00030110   0x00000084   Code   RO         8882    i.nrf_sdh_enable_request  nrf_sdh.o
    0x00030194   0x00030194   0x00000030   Code   RO         8883    i.nrf_sdh_evts_poll  nrf_sdh.o
    0x000301c4   0x000301c4   0x0000000c   Code   RO         8884    i.nrf_sdh_is_enabled  nrf_sdh.o
    0x000301d0   0x000301d0   0x00000028   Code   RO         8886    i.nrf_sdh_request_continue  nrf_sdh.o
    0x000301f8   0x000301f8   0x00000098   Code   RO         9069    i.nrf_sdh_soc_evts_poll  nrf_sdh_soc.o
    0x00030290   0x00030290   0x00000006   Code   RO         8889    i.nrf_section_iter_get  nrf_sdh.o
    0x00030296   0x00030296   0x00000014   Code   RO         7627    i.nrf_section_iter_init  nrf_section_iter.o
    0x000302aa   0x000302aa   0x0000002e   Code   RO         7628    i.nrf_section_iter_item_set  nrf_section_iter.o
    0x000302d8   0x000302d8   0x0000002e   Code   RO         7629    i.nrf_section_iter_next  nrf_section_iter.o
    0x00030306   0x00030306   0x00000028   Code   RO         7662    i.nrf_sortlist_add  nrf_sortlist.o
    0x0003032e   0x0003032e   0x00000008   Code   RO         7664    i.nrf_sortlist_peek  nrf_sortlist.o
    0x00030336   0x00030336   0x00000018   Code   RO         7665    i.nrf_sortlist_pop  nrf_sortlist.o
    0x0003034e   0x0003034e   0x00000026   Code   RO         7666    i.nrf_sortlist_remove  nrf_sortlist.o
    0x00030374   0x00030374   0x00000040   Code   RO         7718    i.nrf_strerror_find  nrf_strerror.o
    0x000303b4   0x000303b4   0x0000001c   Code   RO         7719    i.nrf_strerror_get  nrf_strerror.o
    0x000303d0   0x000303d0   0x0000000e   Code   RO         5373    i.nrf_timer_compare_event_get  nrfx_timer.o
    0x000303de   0x000303de   0x0000000a   Code   RO         5374    i.nrf_timer_compare_int_get  nrfx_timer.o
    0x000303e8   0x000303e8   0x0000000e   Code   RO         5375    i.nrf_timer_event_clear  nrfx_timer.o
    0x000303f6   0x000303f6   0x00000006   Code   RO         5376    i.nrf_timer_int_disable  nrfx_timer.o
    0x000303fc   0x000303fc   0x00000006   Code   RO         5377    i.nrf_timer_int_enable  nrfx_timer.o
    0x00030402   0x00030402   0x0000000c   Code   RO         5378    i.nrf_timer_shorts_disable  nrfx_timer.o
    0x0003040e   0x0003040e   0x00000006   Code   RO         5379    i.nrf_timer_task_trigger  nrfx_timer.o
    0x00030414   0x00030414   0x0000000c   Code   RO         4737    i.nrf_uart_errorsrc_get_and_clear  nrfx_uart.o
    0x00030420   0x00030420   0x0000000e   Code   RO         4738    i.nrf_uart_event_check  nrfx_uart.o
    0x0003042e   0x0003042e   0x0000000e   Code   RO         4739    i.nrf_uart_event_clear  nrfx_uart.o
    0x0003043c   0x0003043c   0x0000000c   Code   RO         4740    i.nrf_uart_hwfc_pins_set  nrfx_uart.o
    0x00030448   0x00030448   0x00000006   Code   RO         4741    i.nrf_uart_int_disable  nrfx_uart.o
    0x0003044e   0x0003044e   0x00000006   Code   RO         4742    i.nrf_uart_int_enable  nrfx_uart.o
    0x00030454   0x00030454   0x00000012   Code   RO         4743    i.nrf_uart_int_enable_check  nrfx_uart.o
    0x00030466   0x00030466   0x00000006   Code   RO         4744    i.nrf_uart_task_trigger  nrfx_uart.o
    0x0003046c   0x0003046c   0x0000000e   Code   RO         4745    i.nrf_uart_txrx_pins_set  nrfx_uart.o
    0x0003047a   0x0003047a   0x0000000c   Code   RO         4988    i.nrf_uarte_errorsrc_get_and_clear  nrfx_uarte.o
    0x00030486   0x00030486   0x0000000e   Code   RO         4989    i.nrf_uarte_event_check  nrfx_uarte.o
    0x00030494   0x00030494   0x0000000e   Code   RO         4990    i.nrf_uarte_event_clear  nrfx_uarte.o
    0x000304a2   0x000304a2   0x0000000c   Code   RO         4991    i.nrf_uarte_hwfc_pins_set  nrfx_uarte.o
    0x000304ae   0x000304ae   0x00000006   Code   RO         4992    i.nrf_uarte_int_disable  nrfx_uarte.o
    0x000304b4   0x000304b4   0x00000006   Code   RO         4993    i.nrf_uarte_int_enable  nrfx_uarte.o
    0x000304ba   0x000304ba   0x0000000a   Code   RO         4994    i.nrf_uarte_rx_amount_get  nrfx_uarte.o
    0x000304c4   0x000304c4   0x0000000c   Code   RO         4995    i.nrf_uarte_shorts_disable  nrfx_uarte.o
    0x000304d0   0x000304d0   0x00000006   Code   RO         4996    i.nrf_uarte_task_trigger  nrfx_uarte.o
    0x000304d6   0x000304d6   0x0000000a   Code   RO         4997    i.nrf_uarte_tx_amount_get  nrfx_uarte.o
    0x000304e0   0x000304e0   0x0000000e   Code   RO         4998    i.nrf_uarte_txrx_pins_set  nrfx_uarte.o
    0x000304ee   0x000304ee   0x00000002   PAD
    0x000304f0   0x000304f0   0x00000014   Code   RO         3784    i.nrf_wdt_started   nrf_drv_clock.o
    0x00030504   0x00030504   0x00000014   Code   RO         4146    i.nrfx_clock_enable  nrfx_clock.o
    0x00030518   0x00030518   0x00000020   Code   RO         4149    i.nrfx_clock_init   nrfx_clock.o
    0x00030538   0x00030538   0x0000002c   Code   RO         4152    i.nrfx_clock_lfclk_stop  nrfx_clock.o
    0x00030564   0x00030564   0x00000018   Code   RO         5220    i.nrfx_coredep_delay_us  nrfx_saadc.o
    0x0003057c   0x0003057c   0x00000018   Code   RO         6094    i.nrfx_coredep_delay_us  drv_rtc.o
    0x00030594   0x00030594   0x00000008   Code   RO         4154    i.nrfx_get_irq_number  nrfx_clock.o
    0x0003059c   0x0003059c   0x00000008   Code   RO         4321    i.nrfx_get_irq_number  nrfx_gpiote.o
    0x000305a4   0x000305a4   0x00000008   Code   RO         4746    i.nrfx_get_irq_number  nrfx_uart.o
    0x000305ac   0x000305ac   0x00000008   Code   RO         4999    i.nrfx_get_irq_number  nrfx_uarte.o
    0x000305b4   0x000305b4   0x00000008   Code   RO         5380    i.nrfx_get_irq_number  nrfx_timer.o
    0x000305bc   0x000305bc   0x000000ac   Code   RO         4327    i.nrfx_gpiote_in_event_enable  nrfx_gpiote.o
    0x00030668   0x00030668   0x000000f8   Code   RO         4329    i.nrfx_gpiote_in_init  nrfx_gpiote.o
    0x00030760   0x00030760   0x000000d8   Code   RO         4332    i.nrfx_gpiote_init  nrfx_gpiote.o
    0x00030838   0x00030838   0x0000002e   Code   RO         4343    i.nrfx_gpiote_out_toggle  nrfx_gpiote.o
    0x00030866   0x00030866   0x00000014   Code   RO         5000    i.nrfx_is_in_ram    nrfx_uarte.o
    0x0003087a   0x0003087a   0x00000002   PAD
    0x0003087c   0x0003087c   0x000000b0   Code   RO         4155    i.nrfx_power_clock_irq_init  nrfx_clock.o
    0x0003092c   0x0003092c   0x0000004e   Code   RO         4675    i.nrfx_prs_acquire  nrfx_prs.o
    0x0003097a   0x0003097a   0x00000016   Code   RO         4676    i.nrfx_prs_release  nrfx_prs.o
    0x00030990   0x00030990   0x000000ac   Code   RO         5224    i.nrfx_saadc_channel_init  nrfx_saadc.o
    0x00030a3c   0x00030a3c   0x000000f8   Code   RO         5226    i.nrfx_saadc_init   nrfx_saadc.o
    0x00030b34   0x00030b34   0x000000fc   Code   RO         5230    i.nrfx_saadc_sample_convert  nrfx_saadc.o
    0x00030c30   0x00030c30   0x00000048   Code   RO         5383    i.nrfx_timer_compare  nrfx_timer.o
    0x00030c78   0x00030c78   0x00000024   Code   RO         5386    i.nrfx_timer_disable  nrfx_timer.o
    0x00030c9c   0x00030c9c   0x00000024   Code   RO         5387    i.nrfx_timer_enable  nrfx_timer.o
    0x00030cc0   0x00030cc0   0x00000042   Code   RO         5388    i.nrfx_timer_extended_compare  nrfx_timer.o
    0x00030d02   0x00030d02   0x00000002   PAD
    0x00030d04   0x00030d04   0x000000fc   Code   RO         5390    i.nrfx_timer_init   nrfx_timer.o
    0x00030e00   0x00030e00   0x00000014   Code   RO         4747    i.nrfx_uart_0_irq_handler  nrfx_uart.o
    0x00030e14   0x00030e14   0x00000088   Code   RO         4749    i.nrfx_uart_init    nrfx_uart.o
    0x00030e9c   0x00030e9c   0x0000008c   Code   RO         4755    i.nrfx_uart_tx      nrfx_uart.o
    0x00030f28   0x00030f28   0x00000024   Code   RO         4757    i.nrfx_uart_tx_in_progress  nrfx_uart.o
    0x00030f4c   0x00030f4c   0x00000044   Code   RO         4758    i.nrfx_uart_uninit  nrfx_uart.o
    0x00030f90   0x00030f90   0x00000014   Code   RO         5001    i.nrfx_uarte_0_irq_handler  nrfx_uarte.o
    0x00030fa4   0x00030fa4   0x00000080   Code   RO         5003    i.nrfx_uarte_init   nrfx_uarte.o
    0x00031024   0x00031024   0x000000c0   Code   RO         5007    i.nrfx_uarte_tx     nrfx_uarte.o
    0x000310e4   0x000310e4   0x00000020   Code   RO         5009    i.nrfx_uarte_tx_in_progress  nrfx_uarte.o
    0x00031104   0x00031104   0x00000094   Code   RO         5010    i.nrfx_uarte_uninit  nrfx_uarte.o
    0x00031198   0x00031198   0x00000104   Code   RO           29    i.nus_data_handler  main.o
    0x0003129c   0x0003129c   0x00000014   Code   RO         9574    i.nvmc_config       system_nrf52.o
    0x000312b0   0x000312b0   0x00000010   Code   RO         9575    i.nvmc_wait         system_nrf52.o
    0x000312c0   0x000312c0   0x00000014   Code   RO         5809    i.on_compare1_evt   app_timer2.o
    0x000312d4   0x000312d4   0x00000020   Code   RO         5810    i.on_compare_evt    app_timer2.o
    0x000312f4   0x000312f4   0x0000003c   Code   RO           30    i.on_conn_params_evt  main.o
    0x00031330   0x00031330   0x00000030   Code   RO         1406    i.on_conn_params_update  ble_conn_params.o
    0x00031360   0x00031360   0x00000070   Code   RO         1407    i.on_connect        ble_conn_params.o
    0x000313d0   0x000313d0   0x00000074   Code   RO         9106    i.on_connect        ble_nus.o
    0x00031444   0x00031444   0x0000013c   Code   RO         2262    i.on_connected_evt  nrf_ble_gatt.o
    0x00031580   0x00031580   0x00000150   Code   RO         2263    i.on_data_length_update_evt  nrf_ble_gatt.o
    0x000316d0   0x000316d0   0x00000090   Code   RO         2264    i.on_data_length_update_request_evt  nrf_ble_gatt.o
    0x00031760   0x00031760   0x00000032   Code   RO         1408    i.on_disconnect     ble_conn_params.o
    0x00031792   0x00031792   0x00000014   Code   RO         2265    i.on_disconnected_evt  nrf_ble_gatt.o
    0x000317a6   0x000317a6   0x00000002   PAD
    0x000317a8   0x000317a8   0x0000017c   Code   RO         2266    i.on_exchange_mtu_request_evt  nrf_ble_gatt.o
    0x00031924   0x00031924   0x000000c0   Code   RO         2267    i.on_exchange_mtu_rsp_evt  nrf_ble_gatt.o
    0x000319e4   0x000319e4   0x00000048   Code   RO         9107    i.on_hvx_tx_complete  ble_nus.o
    0x00031a2c   0x00031a2c   0x00000024   Code   RO         7279    i.on_operation_failure  nrf_fstorage_sd.o
    0x00031a50   0x00031a50   0x00000060   Code   RO         7280    i.on_operation_success  nrf_fstorage_sd.o
    0x00031ab0   0x00031ab0   0x0000001c   Code   RO         5811    i.on_overflow_evt   app_timer2.o
    0x00031acc   0x00031acc   0x0000006a   Code   RO         2378    i.on_rw_authorize_request  nrf_ble_qwr.o
    0x00031b36   0x00031b36   0x00000002   Code   RO         2379    i.on_user_mem_release  nrf_ble_qwr.o
    0x00031b38   0x00031b38   0x00000020   Code   RO         2380    i.on_user_mem_request  nrf_ble_qwr.o
    0x00031b58   0x00031b58   0x00000058   Code   RO         1409    i.on_write          ble_conn_params.o
    0x00031bb0   0x00031bb0   0x00000094   Code   RO         9108    i.on_write          ble_nus.o
    0x00031c44   0x00031c44   0x00000034   Code   RO         6325    i.page_can_tag      fds.o
    0x00031c78   0x00031c78   0x00000048   Code   RO         6326    i.page_from_record  fds.o
    0x00031cc0   0x00031cc0   0x00000034   Code   RO         6327    i.page_has_space    fds.o
    0x00031cf4   0x00031cf4   0x00000030   Code   RO         6328    i.page_identify     fds.o
    0x00031d24   0x00031d24   0x0000001c   Code   RO         6329    i.page_offsets_update  fds.o
    0x00031d40   0x00031d40   0x00000078   Code   RO         6330    i.page_scan         fds.o
    0x00031db8   0x00031db8   0x00000020   Code   RO         6331    i.page_tag_write_data  fds.o
    0x00031dd8   0x00031dd8   0x00000024   Code   RO         6332    i.page_tag_write_swap  fds.o
    0x00031dfc   0x00031dfc   0x00000170   Code   RO         6333    i.pages_init        fds.o
    0x00031f6c   0x00031f6c   0x00000014   Code   RO         3370    i.pairing           security_dispatcher.o
    0x00031f80   0x00031f80   0x00000080   Code   RO         3371    i.pairing_failure   security_dispatcher.o
    0x00032000   0x00032000   0x00000034   Code   RO         3372    i.pairing_success_evt_send  security_dispatcher.o
    0x00032034   0x00032034   0x00000010   Code   RO         3558    i.params_reply_pending_handle  security_manager.o
    0x00032044   0x00032044   0x00000022   Code   RO         3559    i.params_req_send   security_manager.o
    0x00032066   0x00032066   0x00000002   PAD
    0x00032068   0x00032068   0x00000020   Code   RO         2613    i.pdb_evt_send      peer_database.o
    0x00032088   0x00032088   0x00000088   Code   RO         2614    i.pdb_init          peer_database.o
    0x00032110   0x00032110   0x0000006c   Code   RO         2615    i.pdb_pds_evt_handler  peer_database.o
    0x0003217c   0x0003217c   0x00000016   Code   RO         2616    i.pdb_peer_data_ptr_get  peer_database.o
    0x00032192   0x00032192   0x00000002   PAD
    0x00032194   0x00032194   0x000000ac   Code   RO         2617    i.pdb_peer_free     peer_database.o
    0x00032240   0x00032240   0x000000f0   Code   RO         2618    i.pdb_write_buf_get  peer_database.o
    0x00032330   0x00032330   0x00000020   Code   RO         2619    i.pdb_write_buf_release  peer_database.o
    0x00032350   0x00032350   0x00000044   Code   RO         2620    i.pdb_write_buf_store  peer_database.o
    0x00032394   0x00032394   0x00000024   Code   RO         2437    i.pds_evt_send      peer_data_storage.o
    0x000323b8   0x000323b8   0x000000b0   Code   RO         2438    i.pds_init          peer_data_storage.o
    0x00032468   0x00032468   0x0000000c   Code   RO         2439    i.pds_next_deleted_peer_id_get  peer_data_storage.o
    0x00032474   0x00032474   0x0000000c   Code   RO         2440    i.pds_next_peer_id_get  peer_data_storage.o
    0x00032480   0x00032480   0x0000006c   Code   RO         2443    i.pds_peer_data_iterate  peer_data_storage.o
    0x000324ec   0x000324ec   0x00000010   Code   RO         2444    i.pds_peer_data_iterate_prepare  peer_data_storage.o
    0x000324fc   0x000324fc   0x0000009a   Code   RO         2445    i.pds_peer_data_read  peer_data_storage.o
    0x00032596   0x00032596   0x00000002   PAD
    0x00032598   0x00032598   0x000000d4   Code   RO         2446    i.pds_peer_data_store  peer_data_storage.o
    0x0003266c   0x0003266c   0x0000000c   Code   RO         2447    i.pds_peer_id_allocate  peer_data_storage.o
    0x00032678   0x00032678   0x0000001e   Code   RO         2448    i.pds_peer_id_free  peer_data_storage.o
    0x00032696   0x00032696   0x0000000c   Code   RO         2449    i.pds_peer_id_is_allocated  peer_data_storage.o
    0x000326a2   0x000326a2   0x0000001c   Code   RO         2621    i.peer_data_const_point_to_buffer  peer_database.o
    0x000326be   0x000326be   0x00000002   PAD
    0x000326c0   0x000326c0   0x000000a8   Code   RO         2451    i.peer_data_delete_process  peer_data_storage.o
    0x00032768   0x00032768   0x00000040   Code   RO         2452    i.peer_data_find    peer_data_storage.o
    0x000327a8   0x000327a8   0x00000026   Code   RO         2453    i.peer_data_id_is_valid  peer_data_storage.o
    0x000327ce   0x000327ce   0x0000000a   Code   RO         2454    i.peer_data_id_to_record_key  peer_data_storage.o
    0x000327d8   0x000327d8   0x0000001a   Code   RO         2622    i.peer_data_point_to_buffer  peer_database.o
    0x000327f2   0x000327f2   0x00000002   PAD
    0x000327f4   0x000327f4   0x00000014   Code   RO         2769    i.peer_id_allocate  peer_id.o
    0x00032808   0x00032808   0x0000002c   Code   RO         2770    i.peer_id_delete    peer_id.o
    0x00032834   0x00032834   0x0000001c   Code   RO         2771    i.peer_id_free      peer_id.o
    0x00032850   0x00032850   0x00000014   Code   RO         2772    i.peer_id_get_next_deleted  peer_id.o
    0x00032864   0x00032864   0x00000038   Code   RO         2773    i.peer_id_get_next_used  peer_id.o
    0x0003289c   0x0003289c   0x00000010   Code   RO         2774    i.peer_id_init      peer_id.o
    0x000328ac   0x000328ac   0x0000001c   Code   RO         2775    i.peer_id_is_allocated  peer_id.o
    0x000328c8   0x000328c8   0x0000001c   Code   RO         2776    i.peer_id_is_deleted  peer_id.o
    0x000328e4   0x000328e4   0x0000000a   Code   RO         2455    i.peer_id_to_file_id  peer_data_storage.o
    0x000328ee   0x000328ee   0x00000046   Code   RO         2456    i.peer_ids_load     peer_data_storage.o
    0x00032934   0x00032934   0x000000fc   Code   RO           31    i.peer_manager_init  main.o
    0x00032a30   0x00032a30   0x00000020   Code   RO         4351    i.pin_configured_set  nrfx_gpiote.o
    0x00032a50   0x00032a50   0x0000001c   Code   RO         4352    i.pin_in_use_by_gpiote  nrfx_gpiote.o
    0x00032a6c   0x00032a6c   0x00000018   Code   RO         4353    i.pin_in_use_by_port  nrfx_gpiote.o
    0x00032a84   0x00032a84   0x00000020   Code   RO         4354    i.pin_in_use_by_te  nrfx_gpiote.o
    0x00032aa4   0x00032aa4   0x0000000c   Code   RO         4355    i.pin_in_use_clear  nrfx_gpiote.o
    0x00032ab0   0x00032ab0   0x0000007e   Code   RO         4759    i.pins_to_default   nrfx_uart.o
    0x00032b2e   0x00032b2e   0x0000007e   Code   RO         5011    i.pins_to_default   nrfx_uarte.o
    0x00032bac   0x00032bac   0x00000062   Code   RO         3303    i.pm_buffer_block_acquire  pm_buffer.o
    0x00032c0e   0x00032c0e   0x0000002a   Code   RO         3304    i.pm_buffer_init    pm_buffer.o
    0x00032c38   0x00032c38   0x00000030   Code   RO         3305    i.pm_buffer_ptr_get  pm_buffer.o
    0x00032c68   0x00032c68   0x00000028   Code   RO         3306    i.pm_buffer_release  pm_buffer.o
    0x00032c90   0x00032c90   0x00000024   Code   RO         2871    i.pm_conn_sec_status_get  peer_manager.o
    0x00032cb4   0x00032cb4   0x0000002c   Code   RO         2872    i.pm_conn_secure    peer_manager.o
    0x00032ce0   0x00032ce0   0x000000d8   Code   RO           32    i.pm_evt_handler    main.o
    0x00032db8   0x00032db8   0x0000000c   Code   RO         2874    i.pm_gcm_evt_handler  peer_manager.o
    0x00032dc4   0x00032dc4   0x0000000c   Code   RO         2875    i.pm_gscm_evt_handler  peer_manager.o
    0x00032dd0   0x00032dd0   0x0000007c   Code   RO         3201    i.pm_handler_disconnect_on_sec_failure  peer_manager_handler.o
    0x00032e4c   0x00032e4c   0x00000358   Code   RO         3202    i.pm_handler_flash_clean  peer_manager_handler.o
    0x000331a4   0x000331a4   0x0000001c   Code   RO         3203    i.pm_handler_flash_clean_on_return  peer_manager_handler.o
    0x000331c0   0x000331c0   0x00000064   Code   RO         3204    i.pm_handler_on_pm_evt  peer_manager_handler.o
    0x00033224   0x00033224   0x000003d8   Code   RO         3205    i.pm_handler_pm_evt_log  peer_manager_handler.o
    0x000335fc   0x000335fc   0x0000000c   Code   RO         2878    i.pm_im_evt_handler  peer_manager.o
    0x00033608   0x00033608   0x00000248   Code   RO         2879    i.pm_init           peer_manager.o
    0x00033850   0x00033850   0x0000017c   Code   RO         2883    i.pm_pdb_evt_handler  peer_manager.o
    0x000339cc   0x000339cc   0x00000020   Code   RO         2894    i.pm_peer_delete    peer_manager.o
    0x000339ec   0x000339ec   0x00000144   Code   RO         2898    i.pm_peer_rank_highest  peer_manager.o
    0x00033b30   0x00033b30   0x00000114   Code   RO         2899    i.pm_peer_ranks_get  peer_manager.o
    0x00033c44   0x00033c44   0x000000b4   Code   RO         2900    i.pm_peers_delete   peer_manager.o
    0x00033cf8   0x00033cf8   0x00000040   Code   RO         2903    i.pm_register       peer_manager.o
    0x00033d38   0x00033d38   0x00000024   Code   RO         2905    i.pm_sec_params_set  peer_manager.o
    0x00033d5c   0x00033d5c   0x00000016   Code   RO         2906    i.pm_sm_evt_handler  peer_manager.o
    0x00033d72   0x00033d72   0x00000002   PAD
    0x00033d74   0x00033d74   0x000000c4   Code   RO         4356    i.port_event_handle  nrfx_gpiote.o
    0x00033e38   0x00033e38   0x00000010   Code   RO         4357    i.port_handler_pin_get  nrfx_gpiote.o
    0x00033e48   0x00033e48   0x00000010   Code   RO         4358    i.port_handler_polarity_get  nrfx_gpiote.o
    0x00033e58   0x00033e58   0x00000048   Code   RO         8566    i.postfix_process   nrf_log_str_formatter.o
    0x00033ea0   0x00033ea0   0x00000034   Code   RO           33    i.power_management_init  main.o
    0x00033ed4   0x00033ed4   0x000000a4   Code   RO         8567    i.prefix_process    nrf_log_str_formatter.o
    0x00033f78   0x00033f78   0x00000018   Code   RO         4677    i.prs_box_get       nrfx_prs.o
    0x00033f90   0x00033f90   0x00000020   Code   RO         6334    i.queue_buf_get     fds.o
    0x00033fb0   0x00033fb0   0x00000014   Code   RO         6335    i.queue_buf_store   fds.o
    0x00033fc4   0x00033fc4   0x00000014   Code   RO         6336    i.queue_free        fds.o
    0x00033fd8   0x00033fd8   0x00000018   Code   RO         7281    i.queue_free        nrf_fstorage_sd.o
    0x00033ff0   0x00033ff0   0x00000018   Code   RO         6337    i.queue_has_next    fds.o
    0x00034008   0x00034008   0x0000001c   Code   RO         6338    i.queue_init        fds.o
    0x00034024   0x00034024   0x00000014   Code   RO         6339    i.queue_load        fds.o
    0x00034038   0x00034038   0x0000002c   Code   RO         7282    i.queue_load_next   nrf_fstorage_sd.o
    0x00034064   0x00034064   0x000000c4   Code   RO         6340    i.queue_process     fds.o
    0x00034128   0x00034128   0x00000090   Code   RO         7283    i.queue_process     nrf_fstorage_sd.o
    0x000341b8   0x000341b8   0x00000018   Code   RO         6341    i.queue_start       fds.o
    0x000341d0   0x000341d0   0x0000001c   Code   RO         7284    i.queue_start       nrf_fstorage_sd.o
    0x000341ec   0x000341ec   0x00000010   Code   RO         9014    i.ram_end_address_get  nrf_sdh_ble.o
    0x000341fc   0x000341fc   0x0000001c   Code   RO         3208    i.rank_highest      peer_manager_handler.o
    0x00034218   0x00034218   0x00000008   Code   RO         2909    i.rank_init         peer_manager.o
    0x00034220   0x00034220   0x00000040   Code   RO         2910    i.rank_vars_update  peer_manager.o
    0x00034260   0x00034260   0x0000001c   Code   RO         7285    i.read              nrf_fstorage_sd.o
    0x0003427c   0x0003427c   0x00000078   Code   RO         2623    i.reattempt_previous_operations  peer_database.o
    0x000342f4   0x000342f4   0x00000028   Code   RO         1528    i.record_activate   ble_conn_state.o
    0x0003431c   0x0003431c   0x00000094   Code   RO         6342    i.record_find       fds.o
    0x000343b0   0x000343b0   0x0000003c   Code   RO         6343    i.record_find_and_delete  fds.o
    0x000343ec   0x000343ec   0x0000007c   Code   RO         6344    i.record_find_by_desc  fds.o
    0x00034468   0x00034468   0x00000078   Code   RO         6345    i.record_find_next  fds.o
    0x000344e0   0x000344e0   0x00000040   Code   RO         6346    i.record_header_flag_dirty  fds.o
    0x00034520   0x00034520   0x0000002c   Code   RO         6347    i.record_header_write_begin  fds.o
    0x0003454c   0x0003454c   0x00000038   Code   RO         6348    i.record_header_write_finalize  fds.o
    0x00034584   0x00034584   0x00000038   Code   RO         6349    i.record_header_write_id  fds.o
    0x000345bc   0x000345bc   0x00000010   Code   RO         6350    i.record_id_new     fds.o
    0x000345cc   0x000345cc   0x00000020   Code   RO         1529    i.record_invalidate  ble_conn_state.o
    0x000345ec   0x000345ec   0x00000006   Code   RO         2457    i.record_key_to_peer_data_id  peer_data_storage.o
    0x000345f2   0x000345f2   0x00000018   Code   RO         2458    i.record_key_within_pm_range  peer_data_storage.o
    0x0003460a   0x0003460a   0x00000002   PAD
    0x0003460c   0x0003460c   0x00000048   Code   RO         1530    i.record_purge_disconnected  ble_conn_state.o
    0x00034654   0x00034654   0x00000014   Code   RO         1531    i.record_set_disconnected  ble_conn_state.o
    0x00034668   0x00034668   0x00000030   Code   RO         6351    i.record_write_data  fds.o
    0x00034698   0x00034698   0x000000a4   Code   RO         6352    i.records_stat      fds.o
    0x0003473c   0x0003473c   0x00000014   Code   RO         2778    i.release           peer_id.o
    0x00034750   0x00034750   0x00000006   Code   RO         7286    i.rmap              nrf_fstorage_sd.o
    0x00034756   0x00034756   0x0000003e   Code   RO         5812    i.rtc_irq           app_timer2.o
    0x00034794   0x00034794   0x00000084   Code   RO         5813    i.rtc_schedule      app_timer2.o
    0x00034818   0x00034818   0x000000c0   Code   RO         5814    i.rtc_update        app_timer2.o
    0x000348d8   0x000348d8   0x0000003e   Code   RO         4760    i.rx_byte           nrfx_uart.o
    0x00034916   0x00034916   0x0000001c   Code   RO         4761    i.rx_done_event     nrfx_uart.o
    0x00034932   0x00034932   0x0000001c   Code   RO         5012    i.rx_done_event     nrfx_uarte.o
    0x0003494e   0x0003494e   0x00000002   PAD
    0x00034950   0x00034950   0x00000074   Code   RO           34    i.saadc_init        main.o
    0x000349c4   0x000349c4   0x00000098   Code   RO           35    i.saadc_mear        main.o
    0x00034a5c   0x00034a5c   0x00000020   Code   RO         1787    i.sc_send_pending_handle  gatt_cache_manager.o
    0x00034a7c   0x00034a7c   0x0000007c   Code   RO         8890    i.sd_nvic_DisableIRQ  nrf_sdh.o
    0x00034af8   0x00034af8   0x000000a4   Code   RO         8891    i.sd_nvic_EnableIRQ  nrf_sdh.o
    0x00034b9c   0x00034b9c   0x00000068   Code   RO         5965    i.sd_nvic_critical_region_enter  app_util_platform.o
    0x00034c04   0x00034c04   0x00000090   Code   RO         3785    i.sd_state_evt_handler  nrf_drv_clock.o
    0x00034c94   0x00034c94   0x0000003c   Code   RO         8892    i.sdh_request_observer_notify  nrf_sdh.o
    0x00034cd0   0x00034cd0   0x00000034   Code   RO         8893    i.sdh_state_observer_notify  nrf_sdh.o
    0x00034d04   0x00034d04   0x000000f8   Code   RO         3373    i.sec_info_request_process  security_dispatcher.o
    0x00034dfc   0x00034dfc   0x00000110   Code   RO         3374    i.sec_keyset_fill   security_dispatcher.o
    0x00034f0c   0x00034f0c   0x00000030   Code   RO         3375    i.sec_params_request_process  security_dispatcher.o
    0x00034f3c   0x00034f3c   0x000000e8   Code   RO         3560    i.sec_params_verify  security_manager.o
    0x00035024   0x00035024   0x00000058   Code   RO         3376    i.sec_proc_start    security_dispatcher.o
    0x0003507c   0x0003507c   0x00000068   Code   RO         3561    i.sec_req_process   security_manager.o
    0x000350e4   0x000350e4   0x00000028   Code   RO         3377    i.sec_start_send    security_dispatcher.o
    0x0003510c   0x0003510c   0x00000022   Code   RO         3378    i.send_config_req   security_dispatcher.o
    0x0003512e   0x0003512e   0x00000002   PAD
    0x00035130   0x00035130   0x00000018   Code   RO         1410    i.send_error_evt    ble_conn_params.o
    0x00035148   0x00035148   0x00000028   Code   RO         3379    i.send_params_req   security_dispatcher.o
    0x00035170   0x00035170   0x00000024   Code   RO         3380    i.send_storage_full_evt  security_dispatcher.o
    0x00035194   0x00035194   0x00000028   Code   RO         1788    i.send_unexpected_error  gatt_cache_manager.o
    0x000351bc   0x000351bc   0x00000028   Code   RO         2459    i.send_unexpected_error  peer_data_storage.o
    0x000351e4   0x000351e4   0x00000028   Code   RO         3381    i.send_unexpected_error  security_dispatcher.o
    0x0003520c   0x0003520c   0x0000001e   Code   RO         3562    i.send_unexpected_error  security_manager.o
    0x0003522a   0x0003522a   0x00000024   Code   RO         1411    i.send_update_request  ble_conn_params.o
    0x0003524e   0x0003524e   0x00000002   PAD
    0x00035250   0x00035250   0x00000084   Code   RO         8140    i.serial_tx         nrf_log_backend_rtt.o
    0x000352d4   0x000352d4   0x00000088   Code   RO         8245    i.serial_tx         nrf_log_backend_uart.o
    0x0003535c   0x0003535c   0x00000074   Code   RO         1789    i.service_changed_cccd  gatt_cache_manager.o
    0x000353d0   0x000353d0   0x00000020   Code   RO         1790    i.service_changed_needed  gatt_cache_manager.o
    0x000353f0   0x000353f0   0x00000018   Code   RO         1791    i.service_changed_pending_flags_check  gatt_cache_manager.o
    0x00035408   0x00035408   0x000000a8   Code   RO         1987    i.service_changed_pending_set  gatts_cache_manager.o
    0x000354b0   0x000354b0   0x00000124   Code   RO         1792    i.service_changed_send_in_evt  gatt_cache_manager.o
    0x000355d4   0x000355d4   0x00000096   Code   RO         1118    i.service_data_encode  ble_advdata.o
    0x0003566a   0x0003566a   0x00000002   PAD
    0x0003566c   0x0003566c   0x0000008c   Code   RO           36    i.services_init     main.o
    0x000356f8   0x000356f8   0x000000be   Code   RO         1705    i.set_security_req  ble_srv_common.o
    0x000357b6   0x000357b6   0x00000002   PAD
    0x000357b8   0x000357b8   0x00000034   Code   RO         3563    i.sm_ble_evt_handler  security_manager.o
    0x000357ec   0x000357ec   0x0000009a   Code   RO         3565    i.sm_conn_sec_status_get  security_manager.o
    0x00035886   0x00035886   0x00000002   PAD
    0x00035888   0x00035888   0x00000064   Code   RO         3566    i.sm_init           security_manager.o
    0x000358ec   0x000358ec   0x00000018   Code   RO         3568    i.sm_link_secure    security_manager.o
    0x00035904   0x00035904   0x00000058   Code   RO         3569    i.sm_pdb_evt_handler  security_manager.o
    0x0003595c   0x0003595c   0x00000030   Code   RO         3570    i.sm_sec_is_sufficient  security_manager.o
    0x0003598c   0x0003598c   0x00000048   Code   RO         3572    i.sm_sec_params_set  security_manager.o
    0x000359d4   0x000359d4   0x00000032   Code   RO         3573    i.sm_smd_evt_handler  security_manager.o
    0x00035a06   0x00035a06   0x0000004c   Code   RO         3382    i.smd_ble_evt_handler  security_dispatcher.o
    0x00035a52   0x00035a52   0x00000002   PAD
    0x00035a54   0x00035a54   0x0000007c   Code   RO         3384    i.smd_init          security_dispatcher.o
    0x00035ad0   0x00035ad0   0x00000028   Code   RO         3385    i.smd_link_secure   security_dispatcher.o
    0x00035af8   0x00035af8   0x000000c0   Code   RO         3386    i.smd_params_reply  security_dispatcher.o
    0x00035bb8   0x00035bb8   0x00000040   Code   RO         3574    i.smd_params_reply_perform  security_manager.o
    0x00035bf8   0x00035bf8   0x0000001c   Code   RO         3786    i.soc_evt_handler   nrf_drv_clock.o
    0x00035c14   0x00035c14   0x00000060   Code   RO         8894    i.softdevice_evt_irq_disable  nrf_sdh.o
    0x00035c74   0x00035c74   0x00000060   Code   RO         8895    i.softdevices_evt_irq_enable  nrf_sdh.o
    0x00035cd4   0x00035cd4   0x00000018   Code   RO         5815    i.sorted_list_stop_all  app_timer2.o
    0x00035cec   0x00035cec   0x00000018   Code   RO         5816    i.sortlist_pop      app_timer2.o
    0x00035d04   0x00035d04   0x00000064   Code   RO         8387    i.std_header_set    nrf_log_frontend.o
    0x00035d68   0x00035d68   0x00000070   Code   RO         8388    i.std_n             nrf_log_frontend.o
    0x00035dd8   0x00035dd8   0x00000078   Code   RO         1793    i.store_car_value   gatt_cache_manager.o
    0x00035e50   0x00035e50   0x00000074   Code   RO         7137    i.string_print      nrf_fprintf_format.o
    0x00035ec4   0x00035ec4   0x0000000a   Code   RO         6095    i.ticks_sub         drv_rtc.o
    0x00035ece   0x00035ece   0x00000002   PAD
    0x00035ed0   0x00035ed0   0x00000070   Code   RO           38    i.timer_event_handler  main.o
    0x00035f40   0x00035f40   0x000000b4   Code   RO         5817    i.timer_expire      app_timer2.o
    0x00035ff4   0x00035ff4   0x0000008c   Code   RO           39    i.timer_init        main.o
    0x00036080   0x00036080   0x00000098   Code   RO         5818    i.timer_req_process  app_timer2.o
    0x00036118   0x00036118   0x00000040   Code   RO         5819    i.timer_req_schedule  app_timer2.o
    0x00036158   0x00036158   0x00000044   Code   RO           40    i.timers_init       main.o
    0x0003619c   0x0003619c   0x00000002   Code   RO         8568    i.timestamp_print   nrf_log_str_formatter.o
    0x0003619e   0x0003619e   0x00000036   Code   RO         4763    i.tx_blocking       nrfx_uart.o
    0x000361d4   0x000361d4   0x00000026   Code   RO         4764    i.tx_byte           nrfx_uart.o
    0x000361fa   0x000361fa   0x00000020   Code   RO         4765    i.tx_done_event     nrfx_uart.o
    0x0003621a   0x0003621a   0x00000020   Code   RO         5013    i.tx_done_event     nrfx_uarte.o
    0x0003623a   0x0003623a   0x00000036   Code   RO         1119    i.tx_power_level_encode  ble_advdata.o
    0x00036270   0x00036270   0x00000038   Code   RO         3943    i.uart_evt_handler  nrf_drv_uart.o
    0x000362a8   0x000362a8   0x0000000c   Code   RO         8246    i.uart_evt_handler  nrf_log_backend_uart.o
    0x000362b4   0x000362b4   0x00000068   Code   RO         8247    i.uart_init         nrf_log_backend_uart.o
    0x0003631c   0x0003631c   0x0000014e   Code   RO         4766    i.uart_irq_handler  nrfx_uart.o
    0x0003646a   0x0003646a   0x00000002   PAD
    0x0003646c   0x0003646c   0x00000038   Code   RO         3944    i.uarte_evt_handler  nrf_drv_uart.o
    0x000364a4   0x000364a4   0x00000134   Code   RO         5014    i.uarte_irq_handler  nrfx_uarte.o
    0x000365d8   0x000365d8   0x0000000c   Code   RO         1706    i.uint16_decode     ble_srv_common.o
    0x000365e4   0x000365e4   0x0000000c   Code   RO         1120    i.uint16_encode     ble_advdata.o
    0x000365f0   0x000365f0   0x00000024   Code   RO         7287    i.uninit            nrf_fstorage_sd.o
    0x00036614   0x00036614   0x000000b8   Code   RO         7138    i.unsigned_print    nrf_fprintf_format.o
    0x000366cc   0x000366cc   0x00000034   Code   RO         1794    i.update_pending_flags_check  gatt_cache_manager.o
    0x00036700   0x00036700   0x00000074   Code   RO         1412    i.update_timeout_handler  ble_conn_params.o
    0x00036774   0x00036774   0x00000014   Code   RO         1532    i.user_flag_is_acquired  ble_conn_state.o
    0x00036788   0x00036788   0x00000050   Code   RO          612    i.user_gpio_output_init  user_gpio.o
    0x000367d8   0x000367d8   0x0000002c   Code   RO         2381    i.user_mem_reply    nrf_ble_qwr.o
    0x00036804   0x00036804   0x0000004e   Code   RO         1121    i.uuid_list_encode  ble_advdata.o
    0x00036852   0x00036852   0x000000d6   Code   RO         1122    i.uuid_list_sized_encode  ble_advdata.o
    0x00036928   0x00036928   0x00000006   Code   RO         7288    i.wmap              nrf_fstorage_sd.o
    0x0003692e   0x0003692e   0x00000002   PAD
    0x00036930   0x00036930   0x00000054   Code   RO         7289    i.write             nrf_fstorage_sd.o
    0x00036984   0x00036984   0x00000038   Code   RO         2624    i.write_buf_length_words_set  peer_database.o
    0x000369bc   0x000369bc   0x00000160   Code   RO         2625    i.write_buf_store   peer_database.o
    0x00036b1c   0x00036b1c   0x00000070   Code   RO         2626    i.write_buf_store_in_event  peer_database.o
    0x00036b8c   0x00036b8c   0x00000024   Code   RO         2627    i.write_buffer_record_acquire  peer_database.o
    0x00036bb0   0x00036bb0   0x0000004c   Code   RO         2628    i.write_buffer_record_find  peer_database.o
    0x00036bfc   0x00036bfc   0x00000034   Code   RO         2629    i.write_buffer_record_find_next  peer_database.o
    0x00036c30   0x00036c30   0x00000030   Code   RO         2630    i.write_buffer_record_find_stored  peer_database.o
    0x00036c60   0x00036c60   0x0000000e   Code   RO         2631    i.write_buffer_record_find_unused  peer_database.o
    0x00036c6e   0x00036c6e   0x00000024   Code   RO         2632    i.write_buffer_record_invalidate  peer_database.o
    0x00036c92   0x00036c92   0x00000002   PAD
    0x00036c94   0x00036c94   0x00000028   Code   RO         2633    i.write_buffer_record_release  peer_database.o
    0x00036cbc   0x00036cbc   0x000000e8   Code   RO         6353    i.write_enqueue     fds.o
    0x00036da4   0x00036da4   0x000000c8   Code   RO         6354    i.write_execute     fds.o
    0x00036e6c   0x00036e6c   0x00000058   Code   RO         7290    i.write_execute     nrf_fstorage_sd.o
    0x00036ec4   0x00036ec4   0x00000024   Code   RO         6355    i.write_space_free  fds.o
    0x00036ee8   0x00036ee8   0x0000007c   Code   RO         6356    i.write_space_reserve  fds.o
    0x00036f64   0x00036f64   0x00000048   Data   RO           44    .constdata          main.o
    0x00036fac   0x00036fac   0x0000006c   Data   RO         1795    .constdata          gatt_cache_manager.o
    0x00037018   0x00037018   0x00000018   Data   RO         1988    .constdata          gatts_cache_manager.o
    0x00037030   0x00037030   0x00000008   Data   RO         2100    .constdata          id_manager.o
    0x00037038   0x00037038   0x00000016   Data   RO         2268    .constdata          nrf_ble_gatt.o
    0x0003704e   0x0003704e   0x00000002   PAD
    0x00037050   0x00037050   0x00000018   Data   RO         2460    .constdata          peer_data_storage.o
    0x00037068   0x00037068   0x00000010   Data   RO         2635    .constdata          peer_database.o
    0x00037078   0x00037078   0x0000002c   Data   RO         2912    .constdata          peer_manager.o
    0x000370a4   0x000370a4   0x00000038   Data   RO         3211    .constdata          peer_manager_handler.o
    0x000370dc   0x000370dc   0x00000078   Data   RO         3388    .constdata          security_dispatcher.o
    0x00037154   0x00037154   0x00000005   Data   RO         3575    .constdata          security_manager.o
    0x00037159   0x00037159   0x00000003   PAD
    0x0003715c   0x0003715c   0x00000042   Data   RO         4360    .constdata          nrfx_gpiote.o
    0x0003719e   0x0003719e   0x00000002   PAD
    0x000371a0   0x000371a0   0x0000002e   Data   RO         4768    .constdata          nrfx_uart.o
    0x000371ce   0x000371ce   0x00000002   PAD
    0x000371d0   0x000371d0   0x00000034   Data   RO         5016    .constdata          nrfx_uarte.o
    0x00037204   0x00037204   0x0000000c   PAD
    0x00037210   0x00037210   0x000000aa   Data   RO         5234    .constdata          nrfx_saadc.o
    0x000372ba   0x000372ba   0x00000002   PAD
    0x000372bc   0x000372bc   0x00000014   Data   RO         5821    .constdata          app_timer2.o
    0x000372d0   0x000372d0   0x00000006   Data   RO         6096    .constdata          drv_rtc.o
    0x000372d6   0x000372d6   0x00000002   PAD
    0x000372d8   0x000372d8   0x00000018   Data   RO         6358    .constdata          fds.o
    0x000372f0   0x000372f0   0x00000010   Data   RO         7139    .constdata          nrf_fprintf_format.o
    0x00037300   0x00037300   0x0000005e   Data   RO         7190    .constdata          nrf_fstorage.o
    0x0003735e   0x0003735e   0x00000002   PAD
    0x00037360   0x00037360   0x00000030   Data   RO         7292    .constdata          nrf_fstorage_sd.o
    0x00037390   0x00037390   0x00000024   Data   RO         7491    .constdata          nrf_pwr_mgmt.o
    0x000373b4   0x000373b4   0x0000013c   Data   RO         7720    .constdata          nrf_strerror.o
    0x000374f0   0x000374f0   0x00000016   Data   RO         8142    .constdata          nrf_log_backend_rtt.o
    0x00037506   0x00037506   0x00000002   PAD
    0x00037508   0x00037508   0x0000002c   Data   RO         8249    .constdata          nrf_log_backend_uart.o
    0x00037534   0x00037534   0x0000000c   Data   RO         8390    .constdata          nrf_log_frontend.o
    0x00037540   0x00037540   0x00000058   Data   RO         8896    .constdata          nrf_sdh.o
    0x00037598   0x00037598   0x00000030   Data   RO         9015    .constdata          nrf_sdh_ble.o
    0x000375c8   0x000375c8   0x0000001c   Data   RO         9070    .constdata          nrf_sdh_soc.o
    0x000375e4   0x000375e4   0x00000010   Data   RO         9109    .constdata          ble_nus.o
    0x000375f4   0x000375f4   0x00000081   Data   RO        11176    .constdata          mc_w.l(ctype_o.o)
    0x00037675   0x00037675   0x00000003   PAD
    0x00037678   0x00037678   0x00000004   Data   RO        11177    .constdata          mc_w.l(ctype_o.o)
    0x0003767c   0x0003767c   0x0000174f   Data   RO          596    .conststring        event_id.o
    0x00038dcb   0x00038dcb   0x00000001   PAD
    0x00038dcc   0x00038dcc   0x000001a4   Data   RO         1796    .conststring        gatt_cache_manager.o
    0x00038f70   0x00038f70   0x0000019c   Data   RO         1989    .conststring        gatts_cache_manager.o
    0x0003910c   0x0003910c   0x0000013e   Data   RO         2269    .conststring        nrf_ble_gatt.o
    0x0003924a   0x0003924a   0x00000002   PAD
    0x0003924c   0x0003924c   0x000000e8   Data   RO         2461    .conststring        peer_data_storage.o
    0x00039334   0x00039334   0x00000180   Data   RO         2636    .conststring        peer_database.o
    0x000394b4   0x000394b4   0x00000090   Data   RO         2913    .conststring        peer_manager.o
    0x00039544   0x00039544   0x000003df   Data   RO         3212    .conststring        peer_manager_handler.o
    0x00039923   0x00039923   0x00000001   PAD
    0x00039924   0x00039924   0x000002b2   Data   RO         3389    .conststring        security_dispatcher.o
    0x00039bd6   0x00039bd6   0x00000002   PAD
    0x00039bd8   0x00039bd8   0x0000017b   Data   RO         3576    .conststring        security_manager.o
    0x00039d53   0x00039d53   0x00000001   PAD
    0x00039d54   0x00039d54   0x0000004f   Data   RO         7191    .conststring        nrf_fstorage.o
    0x00039da3   0x00039da3   0x00000001   PAD
    0x00039da4   0x00039da4   0x000003eb   Data   RO         7721    .conststring        nrf_strerror.o
    0x0003a18f   0x0003a18f   0x00000001   PAD
    0x0003a190   0x0003a190   0x00000046   Data   RO         8250    .conststring        nrf_log_backend_uart.o
    0x0003a1d6   0x0003a1d6   0x00000002   PAD
    0x0003a1d8   0x0003a1d8   0x00000066   Data   RO         8569    .conststring        nrf_log_str_formatter.o
    0x0003a23e   0x0003a23e   0x00000002   PAD
    0x0003a240   0x0003a240   0x00000188   Data   RO         9016    .conststring        nrf_sdh_ble.o
    0x0003a3c8   0x0003a3c8   0x00000011   Data   RO         1797    .conststrlit        gatt_cache_manager.o
    0x0003a3d9   0x0003a3d9   0x00000003   PAD
    0x0003a3dc   0x0003a3dc   0x00000012   Data   RO         1990    .conststrlit        gatts_cache_manager.o
    0x0003a3ee   0x0003a3ee   0x00000002   PAD
    0x0003a3f0   0x0003a3f0   0x00000010   Data   RO         2102    .conststrlit        id_manager.o
    0x0003a400   0x0003a400   0x0000000d   Data   RO         2270    .conststrlit        nrf_ble_gatt.o
    0x0003a40d   0x0003a40d   0x00000003   PAD
    0x0003a410   0x0003a410   0x00000011   Data   RO         2462    .conststrlit        peer_data_storage.o
    0x0003a421   0x0003a421   0x00000003   PAD
    0x0003a424   0x0003a424   0x00000011   Data   RO         2637    .conststrlit        peer_database.o
    0x0003a435   0x0003a435   0x00000003   PAD
    0x0003a438   0x0003a438   0x0000000d   Data   RO         2914    .conststrlit        peer_manager.o
    0x0003a445   0x0003a445   0x00000003   PAD
    0x0003a448   0x0003a448   0x00000015   Data   RO         3213    .conststrlit        peer_manager_handler.o
    0x0003a45d   0x0003a45d   0x00000003   PAD
    0x0003a460   0x0003a460   0x00000011   Data   RO         3390    .conststrlit        security_dispatcher.o
    0x0003a471   0x0003a471   0x00000003   PAD
    0x0003a474   0x0003a474   0x00000010   Data   RO         3577    .conststrlit        security_manager.o
    0x0003a484   0x0003a484   0x00000006   Data   RO         3789    .conststrlit        nrf_drv_clock.o
    0x0003a48a   0x0003a48a   0x00000002   PAD
    0x0003a48c   0x0003a48c   0x00000006   Data   RO         4157    .conststrlit        nrfx_clock.o
    0x0003a492   0x0003a492   0x00000002   PAD
    0x0003a494   0x0003a494   0x00000007   Data   RO         4361    .conststrlit        nrfx_gpiote.o
    0x0003a49b   0x0003a49b   0x00000001   PAD
    0x0003a49c   0x0003a49c   0x00000004   Data   RO         4679    .conststrlit        nrfx_prs.o
    0x0003a4a0   0x0003a4a0   0x00000005   Data   RO         4769    .conststrlit        nrfx_uart.o
    0x0003a4a5   0x0003a4a5   0x00000003   PAD
    0x0003a4a8   0x0003a4a8   0x00000006   Data   RO         5017    .conststrlit        nrfx_uarte.o
    0x0003a4ae   0x0003a4ae   0x00000002   PAD
    0x0003a4b0   0x0003a4b0   0x00000006   Data   RO         5235    .conststrlit        nrfx_saadc.o
    0x0003a4b6   0x0003a4b6   0x00000002   PAD
    0x0003a4b8   0x0003a4b8   0x00000006   Data   RO         5397    .conststrlit        nrfx_timer.o
    0x0003a4be   0x0003a4be   0x00000002   PAD
    0x0003a4c0   0x0003a4c0   0x0000000b   Data   RO         5554    .conststrlit        app_button.o
    0x0003a4cb   0x0003a4cb   0x00000001   PAD
    0x0003a4cc   0x0003a4cc   0x0000000a   Data   RO         5822    .conststrlit        app_timer2.o
    0x0003a4d6   0x0003a4d6   0x00000002   PAD
    0x0003a4d8   0x0003a4d8   0x0000000d   Data   RO         7192    .conststrlit        nrf_fstorage.o
    0x0003a4e5   0x0003a4e5   0x00000003   PAD
    0x0003a4e8   0x0003a4e8   0x00000009   Data   RO         7492    .conststrlit        nrf_pwr_mgmt.o
    0x0003a4f1   0x0003a4f1   0x00000003   PAD
    0x0003a4f4   0x0003a4f4   0x00000009   Data   RO         7667    .conststrlit        nrf_sortlist.o
    0x0003a4fd   0x0003a4fd   0x00000003   PAD
    0x0003a500   0x0003a500   0x00000021   Data   RO         8316    .conststrlit        nrf_log_default_backends.o
    0x0003a521   0x0003a521   0x00000003   PAD
    0x0003a524   0x0003a524   0x00000004   Data   RO         8391    .conststrlit        nrf_log_frontend.o
    0x0003a528   0x0003a528   0x00000008   Data   RO         8897    .conststrlit        nrf_sdh.o
    0x0003a530   0x0003a530   0x0000000c   Data   RO         9017    .conststrlit        nrf_sdh_ble.o
    0x0003a53c   0x0003a53c   0x0000000c   Data   RO         9071    .conststrlit        nrf_sdh_soc.o
    0x0003a548   0x0003a548   0x00000008   Data   RO         9110    .conststrlit        ble_nus.o
    0x0003a550   0x0003a550   0x00000020   Data   RO        11511    Region$$Table       anon$$obj.o
    0x0003a570   0x0003a570   0x00000020   Data   RO         8318    log_backends        nrf_log_default_backends.o
    0x0003a590   0x0003a590   0x00000008   Data   RO         1799    log_const_data      gatt_cache_manager.o
    0x0003a598   0x0003a598   0x00000008   Data   RO         1992    log_const_data      gatts_cache_manager.o
    0x0003a5a0   0x0003a5a0   0x00000008   Data   RO         2104    log_const_data      id_manager.o
    0x0003a5a8   0x0003a5a8   0x00000008   Data   RO         2271    log_const_data      nrf_ble_gatt.o
    0x0003a5b0   0x0003a5b0   0x00000008   Data   RO         2464    log_const_data      peer_data_storage.o
    0x0003a5b8   0x0003a5b8   0x00000008   Data   RO         2639    log_const_data      peer_database.o
    0x0003a5c0   0x0003a5c0   0x00000008   Data   RO         2916    log_const_data      peer_manager.o
    0x0003a5c8   0x0003a5c8   0x00000008   Data   RO         3215    log_const_data      peer_manager_handler.o
    0x0003a5d0   0x0003a5d0   0x00000008   Data   RO         3392    log_const_data      security_dispatcher.o
    0x0003a5d8   0x0003a5d8   0x00000008   Data   RO         3579    log_const_data      security_manager.o
    0x0003a5e0   0x0003a5e0   0x00000008   Data   RO         3790    log_const_data      nrf_drv_clock.o
    0x0003a5e8   0x0003a5e8   0x00000008   Data   RO         4159    log_const_data      nrfx_clock.o
    0x0003a5f0   0x0003a5f0   0x00000008   Data   RO         4362    log_const_data      nrfx_gpiote.o
    0x0003a5f8   0x0003a5f8   0x00000008   Data   RO         4681    log_const_data      nrfx_prs.o
    0x0003a600   0x0003a600   0x00000008   Data   RO         4770    log_const_data      nrfx_uart.o
    0x0003a608   0x0003a608   0x00000008   Data   RO         5018    log_const_data      nrfx_uarte.o
    0x0003a610   0x0003a610   0x00000008   Data   RO         5236    log_const_data      nrfx_saadc.o
    0x0003a618   0x0003a618   0x00000008   Data   RO         5398    log_const_data      nrfx_timer.o
    0x0003a620   0x0003a620   0x00000008   Data   RO         5556    log_const_data      app_button.o
    0x0003a628   0x0003a628   0x00000008   Data   RO         5824    log_const_data      app_timer2.o
    0x0003a630   0x0003a630   0x00000008   Data   RO         7193    log_const_data      nrf_fstorage.o
    0x0003a638   0x0003a638   0x00000008   Data   RO         7494    log_const_data      nrf_pwr_mgmt.o
    0x0003a640   0x0003a640   0x00000008   Data   RO         7668    log_const_data      nrf_sortlist.o
    0x0003a648   0x0003a648   0x00000008   Data   RO         8393    log_const_data      nrf_log_frontend.o
    0x0003a650   0x0003a650   0x00000008   Data   RO         8899    log_const_data      nrf_sdh.o
    0x0003a658   0x0003a658   0x00000008   Data   RO         9019    log_const_data      nrf_sdh_ble.o
    0x0003a660   0x0003a660   0x00000008   Data   RO         9072    log_const_data      nrf_sdh_soc.o
    0x0003a668   0x0003a668   0x00000008   Data   RO         9111    log_const_data      ble_nus.o
    0x0003a670   0x0003a670   0x00000014   Data   RO         8394    nrf_balloc          nrf_log_frontend.o
    0x0003a684   0x0003a684   0x00000008   Data   RO         1534    sdh_ble_observers0  ble_conn_state.o
    0x0003a68c   0x0003a68c   0x00000008   Data   RO           46    sdh_ble_observers1  main.o
    0x0003a694   0x0003a694   0x00000008   Data   RO          938    sdh_ble_observers1  bsp_btn_ble.o
    0x0003a69c   0x0003a69c   0x00000008   Data   RO         1415    sdh_ble_observers1  ble_conn_params.o
    0x0003a6a4   0x0003a6a4   0x00000008   Data   RO         2917    sdh_ble_observers1  peer_manager.o
    0x0003a6ac   0x0003a6ac   0x00000018   Data   RO           47    sdh_ble_observers2  main.o
    0x0003a6c4   0x0003a6c4   0x00000008   Data   RO           48    sdh_ble_observers3  main.o
    0x0003a6cc   0x0003a6cc   0x00000008   Data   RO         7294    sdh_req_observers0  nrf_fstorage_sd.o
    0x0003a6d4   0x0003a6d4   0x00000008   Data   RO         3791    sdh_soc_observers0  nrf_drv_clock.o
    0x0003a6dc   0x0003a6dc   0x00000008   Data   RO         7295    sdh_soc_observers0  nrf_fstorage_sd.o
    0x0003a6e4   0x0003a6e4   0x00000008   Data   RO         9020    sdh_stack_observers0  nrf_sdh_ble.o
    0x0003a6ec   0x0003a6ec   0x00000008   Data   RO         9073    sdh_stack_observers0  nrf_sdh_soc.o
    0x0003a6f4   0x0003a6f4   0x00000008   Data   RO         3792    sdh_state_observers0  nrf_drv_clock.o
    0x0003a6fc   0x0003a6fc   0x00000008   Data   RO         7296    sdh_state_observers0  nrf_fstorage_sd.o


    Execution Region RW_IRAM1 (Exec base: 0x20002c00, Load base: 0x0003a704, Size: 0x00003a78, Max: 0x0001d400, ABSOLUTE, COMPRESSED[0x000003a4])

    Exec Addr    Load Addr    Size         Type   Attr      Idx    E Section Name        Object

    0x20002c00   COMPRESSED   0x0000008c   Data   RW           45    .data               main.o
    0x20002c8c   COMPRESSED   0x00000394   Data   RW          597    .data               event_id.o
    0x20003020   COMPRESSED   0x00000008   Data   RW          937    .data               bsp_btn_ble.o
    0x20003028   COMPRESSED   0x00000008   Data   RW         1414    .data               ble_conn_params.o
    0x20003030   COMPRESSED   0x00000013   Data   RW         1798    .data               gatt_cache_manager.o
    0x20003043   COMPRESSED   0x00000001   PAD
    0x20003044   COMPRESSED   0x0000000a   Data   RW         1991    .data               gatts_cache_manager.o
    0x2000304e   COMPRESSED   0x00000002   PAD
    0x20003050   COMPRESSED   0x0000000c   Data   RW         2463    .data               peer_data_storage.o
    0x2000305c   COMPRESSED   0x00000008   Data   RW         2638    .data               peer_database.o
    0x20003064   COMPRESSED   0x00000010   Data   RW         2915    .data               peer_manager.o
    0x20003074   COMPRESSED   0x00000004   PAD
    0x20003078   COMPRESSED   0x000000d8   Data   RW         3214    .data               peer_manager_handler.o
    0x20003150   COMPRESSED   0x00000005   Data   RW         3391    .data               security_dispatcher.o
    0x20003155   COMPRESSED   0x00000003   PAD
    0x20003158   COMPRESSED   0x00000018   Data   RW         3578    .data               security_manager.o
    0x20003170   COMPRESSED   0x00000012   Data   RW         3945    .data               nrf_drv_uart.o
    0x20003182   COMPRESSED   0x00000002   PAD
    0x20003184   COMPRESSED   0x00000008   Data   RW         4158    .data               nrfx_clock.o
    0x2000318c   COMPRESSED   0x00000008   Data   RW         4680    .data               nrfx_prs.o
    0x20003194   COMPRESSED   0x00000004   PAD
    0x20003198   COMPRESSED   0x00000024   Data   RW         5823    .data               app_timer2.o
    0x200031bc   COMPRESSED   0x0000000c   Data   RW         6097    .data               drv_rtc.o
    0x200031c8   COMPRESSED   0x00000030   Data   RW         6359    .data               fds.o
    0x200031f8   COMPRESSED   0x00000008   Data   RW         7293    .data               nrf_fstorage_sd.o
    0x20003200   COMPRESSED   0x00000009   Data   RW         7493    .data               nrf_pwr_mgmt.o
    0x20003209   COMPRESSED   0x00000003   PAD
    0x2000320c   COMPRESSED   0x0000001b   Data   RW         7801    .data               app_uart_fifo.o
    0x20003227   COMPRESSED   0x00000001   PAD
    0x20003228   COMPRESSED   0x00000008   Data   RW         7908    .data               retarget.o
    0x20003230   COMPRESSED   0x00000001   Data   RW         8143    .data               nrf_log_backend_rtt.o
    0x20003231   COMPRESSED   0x00000003   PAD
    0x20003234   COMPRESSED   0x00000016   Data   RW         8251    .data               nrf_log_backend_uart.o
    0x2000324a   COMPRESSED   0x00000002   PAD
    0x2000324c   COMPRESSED   0x00000010   Data   RW         8317    .data               nrf_log_default_backends.o
    0x2000325c   COMPRESSED   0x00000014   Data   RW         8392    .data               nrf_log_frontend.o
    0x20003270   COMPRESSED   0x00000040   Data   RW         8570    .data               nrf_log_str_formatter.o
    0x200032b0   COMPRESSED   0x00000003   Data   RW         8898    .data               nrf_sdh.o
    0x200032b3   COMPRESSED   0x00000001   Data   RW         9018    .data               nrf_sdh_ble.o
    0x200032b4   COMPRESSED   0x00000004   Data   RW         9576    .data               system_nrf52.o
    0x200032b8   COMPRESSED   0x00000014   Data   RW         6360    fs_data             fds.o
    0x200032cc        -       0x00000338   Zero   RW           43    .bss                main.o
    0x20003604        -       0x0000000c   Zero   RW          816    .bss                bsp.o
    0x20003610        -       0x00000084   Zero   RW         1413    .bss                ble_conn_params.o
    0x20003694        -       0x0000007c   Zero   RW         1533    .bss                ble_conn_state.o
    0x20003710        -       0x000000d8   Zero   RW         2099    .bss                id_manager.o
    0x200037e8        -       0x00000180   Zero   RW         2634    .bss                peer_database.o
    0x20003968        -       0x00000040   Zero   RW         2779    .bss                peer_id.o
    0x200039a8        -       0x0000000c   Zero   RW         2911    .bss                peer_manager.o
    0x200039b4        -       0x00000040   Zero   RW         3387    .bss                security_dispatcher.o
    0x200039f4        -       0x00000014   Zero   RW         3787    .bss                nrf_drv_clock.o
    0x20003a08        -       0x00000068   Zero   RW         4359    .bss                nrfx_gpiote.o
    0x20003a70        -       0x0000002c   Zero   RW         4767    .bss                nrfx_uart.o
    0x20003a9c        -       0x00000048   Zero   RW         5015    .bss                nrfx_uarte.o
    0x20003ae4        -       0x00000030   Zero   RW         5233    .bss                nrfx_saadc.o
    0x20003b14        -       0x0000000c   Zero   RW         5395    .bss                nrfx_timer.o
    0x20003b20        -       0x00000020   Zero   RW         5645    .bss                app_error.o
    0x20003b40        -       0x00000068   Zero   RW         5820    .bss                app_timer2.o
    0x20003ba8        -       0x0000000c   Zero   RW         5966    .bss                app_util_platform.o
    0x20003bb4        -       0x00000128   Zero   RW         6357    .bss                fds.o
    0x20003cdc        -       0x000000b0   Zero   RW         7291    .bss                nrf_fstorage_sd.o
    0x20003d8c        -       0x0000000c   Zero   RW         7490    .bss                nrf_pwr_mgmt.o
    0x20003d98        -       0x00000020   Zero   RW         7799    .bss                app_uart_fifo.o
    0x20003db8        -       0x00000040   Zero   RW         8141    .bss                nrf_log_backend_rtt.o
    0x20003df8        -       0x00000080   Zero   RW         8248    .bss                nrf_log_backend_uart.o
    0x20003e78        -       0x00000578   Zero   RW         8389    .bss                nrf_log_frontend.o
    0x200043f0        -       0x00000288   Zero   RW         8650    .bss                segger_rtt.o
    0x20004678        -       0x00002000   Zero   RW         9181    STACK               arm_startup_nrf52833.o


==============================================================================

Image component sizes


      Code (inc. data)   RO Data    RW Data    ZI Data      Debug   Object Name

         0          0         19          0          0       1599   app_button.o
       136          4          0          0         32       3502   app_error.o
        26          0          0          0          0        568   app_error_handler_keil.o
       456        194          0          0          0       4878   app_error_weak.o
       134          0          0          0          0       4782   app_fifo.o
         0          0          0          0          0      37158   app_scheduler.o
      1336        120         38         36        104      19485   app_timer2.o
       184         26          0         27         32      15195   app_uart_fifo.o
       200         24          0          0         12      11486   app_util_platform.o
        36          8        512          0       8192        932   arm_startup_nrf52833.o
      1638          0          0          0          0      61115   ble_advdata.o
         0          0          0          0          0       1680   ble_advertising.o
       936         56          8          8        132      15447   ble_conn_params.o
      1058        150          8          0        124      20427   ble_conn_state.o
       108          0          0          0          0       2772   ble_link_ctx_manager.o
       790          4         32          0          0       9292   ble_nus.o
       676          6          0          0          0      41273   ble_srv_common.o
        92          6          0          0         12      14308   bsp.o
       288          8          8          8          0      54316   bsp_btn_ble.o
      1010         98          6         12          0      53329   drv_rtc.o
         0          0       5967        916          0       1254   event_id.o
      5240        482         24         68        296      62674   fds.o
      2614        620        553         19          0      45748   gatt_cache_manager.o
      1048        146        462         10          0      17295   gatts_cache_manager.o
      1080         34         32          0        216      22062   id_manager.o
      7160       2100        112        140        824     218385   main.o
       374          0          0          0          0       6788   nrf_atfifo.o
       232          0          0          0          0       5008   nrf_atflags.o
       444          0          0          0          0      10388   nrf_atomic.o
       218          0          0          0          0       3843   nrf_balloc.o
      2092        788        361          0          0      40177   nrf_ble_gatt.o
       390          0          0          0          0       7777   nrf_ble_qwr.o
       440         52         30          0         20      48696   nrf_drv_clock.o
       252         42          0         18          0      17832   nrf_drv_uart.o
        70          0          0          0          0       3613   nrf_fprintf.o
      1030          6         16          0          0       7210   nrf_fprintf_format.o
      1216        430        194          0          0       8212   nrf_fstorage.o
      1118        118         72          8        176      19291   nrf_fstorage_sd.o
       176         16         22          1         64       7077   nrf_log_backend_rtt.o
       242          0          0          0          0      11009   nrf_log_backend_serial.o
       354         60        114         22        128      16170   nrf_log_backend_uart.o
        64          8         65         16          0       3921   nrf_log_default_backends.o
      2214        148         44         20       1400      34317   nrf_log_frontend.o
       626        112        102         64          0       6048   nrf_log_str_formatter.o
       514          0          0          0          0       9739   nrf_memobj.o
       172         22         53          9         12      42982   nrf_pwr_mgmt.o
        28          0          0          0          0       2371   nrf_ringbuf.o
       994        210        104          3          0      45346   nrf_sdh.o
       904        300        468          1          0       6535   nrf_sdh_ble.o
       152         68         56          0          0       2708   nrf_sdh_soc.o
       112          0          0          0          0       2836   nrf_section_iter.o
       110          0         17          0          0       4061   nrf_sortlist.o
        92         10       1319          0          0       2763   nrf_strerror.o
       408         32         14          8          0      49128   nrfx_clock.o
      1828        126         81          0        104      71465   nrfx_gpiote.o
       140         14         12          8          0       4580   nrfx_prs.o
      1276         78        184          0         48      23587   nrfx_saadc.o
       654         36         14          0         12      19748   nrfx_timer.o
      1728         60         59          0         44      38800   nrfx_uart.o
      1754         68         66          0         72      35743   nrfx_uarte.o
      1488        150        281         12          0      22222   peer_data_storage.o
      1838        276        425          8        384      23014   peer_database.o
       402         46          0          0         64       9819   peer_id.o
      2306        524        217         16         12      21631   peer_manager.o
      2676        940       1076        216          0      10655   peer_manager_handler.o
       330          0          0          0          0       6543   pm_buffer.o
        16          0          0          8          0       2926   retarget.o
      2368        290        835          5         64      32279   security_dispatcher.o
      1778        164        408         24          0      56366   security_manager.o
       470         44          0          0        648       8517   segger_rtt.o
       720         66          0          4          0      36620   system_nrf52.o
        80          6          0          0          0      21756   user_gpio.o

    ----------------------------------------------------------------------
     63238       9396      14616       1740      13228    1613079   Object Totals
         0          0         32          0          0          0   (incl. Generated)
       102          0         94         25          0          0   (incl. Padding)

    ----------------------------------------------------------------------

      Code (inc. data)   RO Data    RW Data    ZI Data      Debug   Library Member Name

        94          0          0          0          0          0   __dclz77c.o
         8          4        133          0          0         68   ctype_o.o
         0          0          0          0          0          0   entry.o
         0          0          0          0          0          0   entry10a.o
         0          0          0          0          0          0   entry11a.o
         4          0          0          0          0          0   entry12b.o
         8          4          0          0          0          0   entry2.o
         4          0          0          0          0          0   entry5.o
         0          0          0          0          0          0   entry7b.o
         0          0          0          0          0          0   entry8b.o
         8          4          0          0          0          0   entry9a.o
        30          0          0          0          0          0   handlers.o
        36          8          0          0          0         68   init.o
        30          0          0          0          0         68   llshl.o
        32          0          0          0          0         68   llushr.o
        26          0          0          0          0         80   memcmp.o
        36          0          0          0          0         68   memcpya.o
        36          0          0          0          0        108   memseta.o
      1142         54          0          0          0        352   printf8.o
        18          0          0          0          0         68   strcpy.o
        14          0          0          0          0         68   strlen.o
        98          0          0          0          0         92   uldiv.o

    ----------------------------------------------------------------------
      1630         74        136          0          0       1108   Library Totals
         6          0          3          0          0          0   (incl. Padding)

    ----------------------------------------------------------------------

      Code (inc. data)   RO Data    RW Data    ZI Data      Debug   Library Name

      1624         74        133          0          0       1108   mc_w.l

    ----------------------------------------------------------------------
      1630         74        136          0          0       1108   Library Totals

    ----------------------------------------------------------------------

==============================================================================


      Code (inc. data)   RO Data    RW Data    ZI Data      Debug   

     64868       9470      14752       1740      13228    1539703   Grand Totals
     64868       9470      14752        932      13228    1539703   ELF Image Totals (compressed)
     64868       9470      14752        932          0          0   ROM Totals

==============================================================================

    Total RO  Size (Code + RO Data)                79620 (  77.75kB)
    Total RW  Size (RW Data + ZI Data)             14968 (  14.62kB)
    Total ROM Size (Code + RO Data + RW Data)      80552 (  78.66kB)

==============================================================================

